Archive member included to satisfy reference by file (symbol)

C:/ST/STM32CubeIDE_1.13.2/STM32CubeIDE/plugins/com.st.stm32cube.ide.mcu.externaltools.gnu-tools-for-stm32.11.3.rel1.win32_1.1.1.202309131626/tools/bin/../lib/gcc/arm-none-eabi/11.3.1/../../../../arm-none-eabi/lib/thumb/v7-m/nofp\libc_nano.a(libc_a-exit.o)
                              C:/ST/STM32CubeIDE_1.13.2/STM32CubeIDE/plugins/com.st.stm32cube.ide.mcu.externaltools.gnu-tools-for-stm32.11.3.rel1.win32_1.1.1.202309131626/tools/bin/../lib/gcc/arm-none-eabi/11.3.1/../../../../arm-none-eabi/lib/thumb/v7-m/nofp/crt0.o (exit)
C:/ST/STM32CubeIDE_1.13.2/STM32CubeIDE/plugins/com.st.stm32cube.ide.mcu.externaltools.gnu-tools-for-stm32.11.3.rel1.win32_1.1.1.202309131626/tools/bin/../lib/gcc/arm-none-eabi/11.3.1/../../../../arm-none-eabi/lib/thumb/v7-m/nofp\libc_nano.a(libc_a-findfp.o)
                              C:/ST/STM32CubeIDE_1.13.2/STM32CubeIDE/plugins/com.st.stm32cube.ide.mcu.externaltools.gnu-tools-for-stm32.11.3.rel1.win32_1.1.1.202309131626/tools/bin/../lib/gcc/arm-none-eabi/11.3.1/../../../../arm-none-eabi/lib/thumb/v7-m/nofp\libc_nano.a(libc_a-exit.o) (__stdio_exit_handler)
C:/ST/STM32CubeIDE_1.13.2/STM32CubeIDE/plugins/com.st.stm32cube.ide.mcu.externaltools.gnu-tools-for-stm32.11.3.rel1.win32_1.1.1.202309131626/tools/bin/../lib/gcc/arm-none-eabi/11.3.1/../../../../arm-none-eabi/lib/thumb/v7-m/nofp\libc_nano.a(libc_a-fwalk.o)
                              C:/ST/STM32CubeIDE_1.13.2/STM32CubeIDE/plugins/com.st.stm32cube.ide.mcu.externaltools.gnu-tools-for-stm32.11.3.rel1.win32_1.1.1.202309131626/tools/bin/../lib/gcc/arm-none-eabi/11.3.1/../../../../arm-none-eabi/lib/thumb/v7-m/nofp\libc_nano.a(libc_a-findfp.o) (_fwalk_sglue)
C:/ST/STM32CubeIDE_1.13.2/STM32CubeIDE/plugins/com.st.stm32cube.ide.mcu.externaltools.gnu-tools-for-stm32.11.3.rel1.win32_1.1.1.202309131626/tools/bin/../lib/gcc/arm-none-eabi/11.3.1/../../../../arm-none-eabi/lib/thumb/v7-m/nofp\libc_nano.a(libc_a-stdio.o)
                              C:/ST/STM32CubeIDE_1.13.2/STM32CubeIDE/plugins/com.st.stm32cube.ide.mcu.externaltools.gnu-tools-for-stm32.11.3.rel1.win32_1.1.1.202309131626/tools/bin/../lib/gcc/arm-none-eabi/11.3.1/../../../../arm-none-eabi/lib/thumb/v7-m/nofp\libc_nano.a(libc_a-findfp.o) (__sread)
C:/ST/STM32CubeIDE_1.13.2/STM32CubeIDE/plugins/com.st.stm32cube.ide.mcu.externaltools.gnu-tools-for-stm32.11.3.rel1.win32_1.1.1.202309131626/tools/bin/../lib/gcc/arm-none-eabi/11.3.1/../../../../arm-none-eabi/lib/thumb/v7-m/nofp\libc_nano.a(libc_a-memset.o)
                              C:/ST/STM32CubeIDE_1.13.2/STM32CubeIDE/plugins/com.st.stm32cube.ide.mcu.externaltools.gnu-tools-for-stm32.11.3.rel1.win32_1.1.1.202309131626/tools/bin/../lib/gcc/arm-none-eabi/11.3.1/../../../../arm-none-eabi/lib/thumb/v7-m/nofp/crt0.o (memset)
C:/ST/STM32CubeIDE_1.13.2/STM32CubeIDE/plugins/com.st.stm32cube.ide.mcu.externaltools.gnu-tools-for-stm32.11.3.rel1.win32_1.1.1.202309131626/tools/bin/../lib/gcc/arm-none-eabi/11.3.1/../../../../arm-none-eabi/lib/thumb/v7-m/nofp\libc_nano.a(libc_a-closer.o)
                              C:/ST/STM32CubeIDE_1.13.2/STM32CubeIDE/plugins/com.st.stm32cube.ide.mcu.externaltools.gnu-tools-for-stm32.11.3.rel1.win32_1.1.1.202309131626/tools/bin/../lib/gcc/arm-none-eabi/11.3.1/../../../../arm-none-eabi/lib/thumb/v7-m/nofp\libc_nano.a(libc_a-stdio.o) (_close_r)
C:/ST/STM32CubeIDE_1.13.2/STM32CubeIDE/plugins/com.st.stm32cube.ide.mcu.externaltools.gnu-tools-for-stm32.11.3.rel1.win32_1.1.1.202309131626/tools/bin/../lib/gcc/arm-none-eabi/11.3.1/../../../../arm-none-eabi/lib/thumb/v7-m/nofp\libc_nano.a(libc_a-reent.o)
                              C:/ST/STM32CubeIDE_1.13.2/STM32CubeIDE/plugins/com.st.stm32cube.ide.mcu.externaltools.gnu-tools-for-stm32.11.3.rel1.win32_1.1.1.202309131626/tools/bin/../lib/gcc/arm-none-eabi/11.3.1/../../../../arm-none-eabi/lib/thumb/v7-m/nofp\libc_nano.a(libc_a-closer.o) (errno)
C:/ST/STM32CubeIDE_1.13.2/STM32CubeIDE/plugins/com.st.stm32cube.ide.mcu.externaltools.gnu-tools-for-stm32.11.3.rel1.win32_1.1.1.202309131626/tools/bin/../lib/gcc/arm-none-eabi/11.3.1/../../../../arm-none-eabi/lib/thumb/v7-m/nofp\libc_nano.a(libc_a-impure.o)
                              C:/ST/STM32CubeIDE_1.13.2/STM32CubeIDE/plugins/com.st.stm32cube.ide.mcu.externaltools.gnu-tools-for-stm32.11.3.rel1.win32_1.1.1.202309131626/tools/bin/../lib/gcc/arm-none-eabi/11.3.1/../../../../arm-none-eabi/lib/thumb/v7-m/nofp\libc_nano.a(libc_a-reent.o) (_impure_ptr)
C:/ST/STM32CubeIDE_1.13.2/STM32CubeIDE/plugins/com.st.stm32cube.ide.mcu.externaltools.gnu-tools-for-stm32.11.3.rel1.win32_1.1.1.202309131626/tools/bin/../lib/gcc/arm-none-eabi/11.3.1/../../../../arm-none-eabi/lib/thumb/v7-m/nofp\libc_nano.a(libc_a-lseekr.o)
[...]
Memory Configuration

Name             Origin             Length             Attributes
RAM              0x0000000020000000 0x0000000000003c00 xrw
FLASH            0x0000000008000000 0x0000000000003c00 xr
*default*        0x0000000000000000 0xffffffffffffffff

Linker script and memory map

LOAD C:/ST/STM32CubeIDE_1.13.2/STM32CubeIDE/plugins/com.st.stm32cube.ide.mcu.externaltools.gnu-tools-for-stm32.11.3.rel1.win32_1.1.1.202309131626/tools/bin/../lib/gcc/arm-none-eabi/11.3.1/thumb/v7-m/nofp/crti.o
LOAD C:/ST/STM32CubeIDE_1.13.2/STM32CubeIDE/plugins/com.st.stm32cube.ide.mcu.externaltools.gnu-tools-for-stm32.11.3.rel1.win32_1.1.1.202309131626/tools/bin/../lib/gcc/arm-none-eabi/11.3.1/thumb/v7-m/nofp/crtbegin.o
LOAD C:/ST/STM32CubeIDE_1.13.2/STM32CubeIDE/plugins/com.st.stm32cube.ide.mcu.externaltools.gnu-tools-for-stm32.11.3.rel1.win32_1.1.1.202309131626/tools/bin/../lib/gcc/arm-none-eabi/11.3.1/../../../../arm-none-eabi/lib/thumb/v7-m/nofp/crt0.o
LOAD ./Src/HAL/TFT/TFT_program.o
LOAD ./Src/HAL/TFT/fonts.o
LOAD ./Src/MCAL/FPEC/FPEC_program.o
LOAD ./Src/MCAL/FPEC/Parse.o
LOAD ./Src/MCAL/GPIO/GPIO_program.o
LOAD ./Src/MCAL/RCC/RCC_program.o
LOAD ./Src/MCAL/SPI/SPI_program.o
LOAD ./Src/MCAL/SYSTICK/STK_program.o
LOAD ./Src/MCAL/UART/USART_program.o
LOAD ./Src/main.o
LOAD ./Startup/startup_stm32f103c8tx.o
START GROUP
LOAD C:/ST/STM32CubeIDE_1.13.2/STM32CubeIDE/plugins/com.st.stm32cube.ide.mcu.externaltools.gnu-tools-for-stm32.11.3.rel1.win32_1.1.1.202309131626/tools/bin/../lib/gcc/arm-none-eabi/11.3.1/../../../../arm-none-eabi/lib/thumb/v7-m/nofp\libc_nano.a
LOAD C:/ST/STM32CubeIDE_1.13.2/STM32CubeIDE/plugins/com.st.stm32cube.ide.mcu.externaltools.gnu-tools-for-stm32.11.3.rel1.win32_1.1.1.202309131626/tools/bin/../lib/gcc/arm-none-eabi/11.3.1/../../../../arm-none-eabi/lib/thumb/v7-m/nofp\libm.a
END GROUP
START GROUP
LOAD C:/ST/STM32CubeIDE_1.13.2/STM32CubeIDE/plugins/com.st.stm32cube.ide.mcu.externaltools.gnu-tools-for-stm32.11.3.rel1.win32_1.1.1.202309131626/tools/bin/../lib/gcc/arm-none-eabi/11.3.1/thumb/v7-m/nofp\libgcc.a
LOAD C:/ST/STM32CubeIDE_1.13.2/STM32CubeIDE/plugins/com.st.stm32cube.ide.mcu.externaltools.gnu-tools-for-stm32.11.3.rel1.win32_1.1.1.202309131626/tools/bin/../lib/gcc/arm-none-eabi/11.3.1/../../../../arm-none-eabi/lib/thumb/v7-m/nofp\libc_nano.a
END GROUP
START GROUP
LOAD C:/ST/STM32CubeIDE_1.13.2/STM32CubeIDE/plugins/com.st.stm32cube.ide.mcu.externaltools.gnu-tools-for-stm32.11.3.rel1.win32_1.1.1.202309131626/tools/bin/../lib/gcc/arm-none-eabi/11.3.1/thumb/v7-m/nofp\libgcc.a
LOAD C:/ST/STM32CubeIDE_1.13.2/STM32CubeIDE/plugins/com.st.stm32cube.ide.mcu.externaltools.gnu-tools-for-stm32.11.3.rel1.win32_1.1.1.202309131626/tools/bin/../lib/gcc/arm-none-eabi/11.3.1/../../../../arm-none-eabi/lib/thumb/v7-m/nofp\libc_nano.a
LOAD C:/ST/STM32CubeIDE_1.13.2/STM32CubeIDE/plugins/com.st.stm32cube.ide.mcu.externaltools.gnu-tools-for-stm32.11.3.rel1.win32_1.1.1.202309131626/tools/bin/../lib/gcc/arm-none-eabi/11.3.1/../../../../arm-none-eabi/lib/thumb/v7-m/nofp\libnosys.a
END GROUP
START GROUP
LOAD C:/ST/STM32CubeIDE_1.13.2/STM32CubeIDE/plugins/com.st.stm32cube.ide.mcu.externaltools.gnu-tools-for-stm32.11.3.rel1.win32_1.1.1.202309131626/tools/bin/../lib/gcc/arm-none-eabi/11.3.1/thumb/v7-m/nofp\libgcc.a
LOAD C:/ST/STM32CubeIDE_1.13.2/STM32CubeIDE/plugins/com.st.stm32cube.ide.mcu.externaltools.gnu-tools-for-stm32.11.3.rel1.win32_1.1.1.202309131626/tools/bin/../lib/gcc/arm-none-eabi/11.3.1/../../../../arm-none-eabi/lib/thumb/v7-m/nofp\libc_nano.a
LOAD C:/ST/STM32CubeIDE_1.13.2/STM32CubeIDE/plugins/com.st.stm32cube.ide.mcu.externaltools.gnu-tools-for-stm32.11.3.rel1.win32_1.1.1.202309131626/tools/bin/../lib/gcc/arm-none-eabi/11.3.1/../../../../arm-none-eabi/lib/thumb/v7-m/nofp\libnosys.a
END GROUP
LOAD C:/ST/STM32CubeIDE_1.13.2/STM32CubeIDE/plugins/com.st.stm32cube.ide.mcu.externaltools.gnu-tools-for-stm32.11.3.rel1.win32_1.1.1.202309131626/tools/bin/../lib/gcc/arm-none-eabi/11.3.1/thumb/v7-m/nofp/crtend.o
LOAD C:/ST/STM32CubeIDE_1.13.2/STM32CubeIDE/plugins/com.st.stm32cube.ide.mcu.externaltools.gnu-tools-for-stm32.11.3.rel1.win32_1.1.1.202309131626/tools/bin/../lib/gcc/arm-none-eabi/11.3.1/thumb/v7-m/nofp/crtn.o
                0x0000000020003c00                _estack = (ORIGIN (RAM) + LENGTH (RAM))
                0x0000000000000200                _Min_Heap_Size = 0x200
                0x0000000000000400                _Min_Stack_Size = 0x400

.isr_vector     0x0000000008000000      0x130
                0x0000000008000000                . = ALIGN (0x4)
 *(.isr_vector)
 .isr_vector    0x0000000008000000      0x130 ./Startup/startup_stm32f103c8tx.o
                0x0000000008000000                g_pfnVectors
                0x0000000008000130                . = ALIGN (0x4)

.text           0x0000000008000130     0x14fc
                0x0000000008000130                . = ALIGN (0x4)
 *(.text)
 .text          0x0000000008000130       0x40 C:/ST/STM32CubeIDE_1.13.2/STM32CubeIDE/plugins/com.st.stm32cube.ide.mcu.externaltools.gnu-tools-for-stm32.11.3.rel1.win32_1.1.1.202309131626/tools/bin/../lib/gcc/arm-none-eabi/11.3.1/thumb/v7-m/nofp/crtbegin.o
 *(.text*)
 .text.HTFT_voidInitialize
                0x0000000008000170       0x80 ./Src/HAL/TFT/TFT_program.o
                0x0000000008000170                HTFT_voidInitialize
 .text.HTFT_voidFillColor
                0x00000000080001f0       0x86 ./Src/HAL/TFT/TFT_program.o
                0x00000000080001f0                HTFT_voidFillColor
 .text.HTFT_voidDrawRect
                0x0000000008000276       0xb8 ./Src/HAL/TFT/TFT_program.o
                0x0000000008000276                HTFT_voidDrawRect
 .text.voidWriteCommand
                0x000000000800032e       0x2a ./Src/HAL/TFT/TFT_program.o
                0x000000000800032e                voidWriteCommand
 .text.voidWriteData
                0x0000000008000358       0x2a ./Src/HAL/TFT/TFT_program.o
                0x0000000008000358                voidWriteData
 .text.ST7735_SetAddressWindow
                0x0000000008000382       0x70 ./Src/HAL/TFT/TFT_program.o
                0x0000000008000382                ST7735_SetAddressWindow
 .text.ST7735_WriteChar
                0x00000000080003f2      0x11a ./Src/HAL/TFT/TFT_program.o
                0x00000000080003f2                ST7735_WriteChar
 .text.ST7735_WriteString
                0x000000000800050c       0x9c ./Src/HAL/TFT/TFT_program.o
                0x000000000800050c                ST7735_WriteString
 .text.ST7735_SetRotation
                0x00000000080005a8       0xf4 ./Src/HAL/TFT/TFT_program.o
                0x00000000080005a8                ST7735_SetRotation
 .text.FPEC_voidEraseAppArea
                0x000000000800069c       0x84 ./Src/MCAL/FPEC/FPEC_program.o
                0x000000000800069c                FPEC_voidEraseAppArea
 .text.FPEC_voidFlashPageErase
                0x0000000008000720       0x94 ./Src/MCAL/FPEC/FPEC_program.o
                0x0000000008000720                FPEC_voidFlashPageErase
 .text.FPEC_voidFlashWrite
                0x00000000080007b4       0xb4 ./Src/MCAL/FPEC/FPEC_program.o
                0x00000000080007b4                FPEC_voidFlashWrite
 .text.AsciToHex
                0x0000000008000868       0x30 ./Src/MCAL/FPEC/Parse.o
                0x0000000008000868                AsciToHex
 .text.ParseData
                0x0000000008000898      0x16c ./Src/MCAL/FPEC/Parse.o
                0x0000000008000898                ParseData
 .text.Parser_voidParseRecord
                0x0000000008000a04       0x22 ./Src/MCAL/FPEC/Parse.o
                0x0000000008000a04                Parser_voidParseRecord
 *fill*         0x0000000008000a26        0x2 
 .text.MGPIO_voidSetPinDirection
                0x0000000008000a28      0x1ac ./Src/MCAL/GPIO/GPIO_program.o
                0x0000000008000a28                MGPIO_voidSetPinDirection
 .text.MGPIO_voidSetPinValue
                0x0000000008000bd4       0xf4 ./Src/MCAL/GPIO/GPIO_program.o
                0x0000000008000bd4                MGPIO_voidSetPinValue
 .text.MGPIO_u8GetPinValue
                0x0000000008000cc8       0x7c ./Src/MCAL/GPIO/GPIO_program.o
                0x0000000008000cc8                MGPIO_u8GetPinValue
 .text.RCC_voidInitSysClock
                0x0000000008000d44       0x20 ./Src/MCAL/RCC/RCC_program.o
                0x0000000008000d44                RCC_voidInitSysClock
 .text.RCC_voidEnableClock
                0x0000000008000d64       0x84 ./Src/MCAL/RCC/RCC_program.o
                0x0000000008000d64                RCC_voidEnableClock
 .text.MSPI1_voidInit
                0x0000000008000de8       0x18 ./Src/MCAL/SPI/SPI_program.o
                0x0000000008000de8                MSPI1_voidInit
 .text.MSPI1_voidSendReceiveSynch
                0x0000000008000e00       0x4c ./Src/MCAL/SPI/SPI_program.o
                0x0000000008000e00                MSPI1_voidSendReceiveSynch
 .text.MSTK_voidInit
                0x0000000008000e4c       0x18 ./Src/MCAL/SYSTICK/STK_program.o
                0x0000000008000e4c                MSTK_voidInit
 .text.MSTK_voidSetBusyWait
                0x0000000008000e64       0x50 ./Src/MCAL/SYSTICK/STK_program.o
                0x0000000008000e64                MSTK_voidSetBusyWait
 .text.MSTK_voidSetIntervalSec
                0x0000000008000eb4       0x8c ./Src/MCAL/SYSTICK/STK_program.o
                0x0000000008000eb4                MSTK_voidSetIntervalSec
 .text.MSTK_voidSetIntervalSingle
                0x0000000008000f40       0x5c ./Src/MCAL/SYSTICK/STK_program.o
                0x0000000008000f40                MSTK_voidSetIntervalSingle
 .text.MSTK_voidStopInterval
                0x0000000008000f9c       0x34 ./Src/MCAL/SYSTICK/STK_program.o
                0x0000000008000f9c                MSTK_voidStopInterval
 .text.SysTick_Handler
                0x0000000008000fd0       0xe0 ./Src/MCAL/SYSTICK/STK_program.o
                0x0000000008000fd0                SysTick_Handler
 .text.MUSART1_voidInit
                0x00000000080010b0       0x44 ./Src/MCAL/UART/USART_program.o
                0x00000000080010b0                MUSART1_voidInit
 .text.MUSART1_voidTransmit
                0x00000000080010f4       0x4c ./Src/MCAL/UART/USART_program.o
                0x00000000080010f4                MUSART1_voidTransmit
 .text.MUSART1_u8Receive
                0x0000000008001140       0x3c ./Src/MCAL/UART/USART_program.o
                0x0000000008001140                MUSART1_u8Receive
 .text.main     0x000000000800117c      0x1b8 ./Src/main.o
                0x000000000800117c                main
 .text.get_pressed_button
                0x0000000008001334       0x64 ./Src/main.o
                0x0000000008001334                get_pressed_button
 .text.func_select_app
                0x0000000008001398      0x1e0 ./Src/main.o
                0x0000000008001398                func_select_app
 .text.Reset_Handler
                0x0000000008001578       0x50 ./Startup/startup_stm32f103c8tx.o
                0x0000000008001578                Reset_Handler
 .text.Default_Handler
                0x00000000080015c8        0x2 ./Startup/startup_stm32f103c8tx.o
                0x00000000080015c8                EXTI2_IRQHandler
                0x00000000080015c8                TIM8_TRG_COM_IRQHandler
                0x00000000080015c8                TIM8_CC_IRQHandler
                0x00000000080015c8                DebugMon_Handler
                0x00000000080015c8                TIM1_CC_IRQHandler
                0x00000000080015c8                HardFault_Handler
                0x00000000080015c8                TIM6_IRQHandler
                0x00000000080015c8                PVD_IRQHandler
                0x00000000080015c8                SDIO_IRQHandler
                0x00000000080015c8                PendSV_Handler
                0x00000000080015c8                NMI_Handler
                0x00000000080015c8                EXTI3_IRQHandler
                0x00000000080015c8                USB_HP_CAN_TX_IRQHandler
                0x00000000080015c8                EXTI0_IRQHandler
                0x00000000080015c8                I2C2_EV_IRQHandler
                0x00000000080015c8                UsageFault_Handler
                0x00000000080015c8                ADC1_2_IRQHandler
                0x00000000080015c8                SPI1_IRQHandler
                0x00000000080015c8                CAN_SCE_IRQHandler
                0x00000000080015c8                TAMPER_IRQHandler
                0x00000000080015c8                TIM8_UP_IRQHandler
                0x00000000080015c8                DMA2_Channel2_IRQHandler
                0x00000000080015c8                DMA1_Channel4_IRQHandler
                0x00000000080015c8                USART3_IRQHandler
                0x00000000080015c8                RTC_IRQHandler
                0x00000000080015c8                DMA1_Channel7_IRQHandler
                0x00000000080015c8                UART5_IRQHandler
                0x00000000080015c8                ADC3_IRQHandler
                0x00000000080015c8                TIM4_IRQHandler
                0x00000000080015c8                CAN_RX1_IRQHandler
                0x00000000080015c8                DMA2_Channel1_IRQHandler
                0x00000000080015c8                I2C1_EV_IRQHandler
                0x00000000080015c8                DMA1_Channel6_IRQHandler
                0x00000000080015c8                UART4_IRQHandler
                0x00000000080015c8                TIM3_IRQHandler
                0x00000000080015c8                RCC_IRQHandler
                0x00000000080015c8                TIM1_TRG_COM_IRQHandler
                0x00000000080015c8                DMA1_Channel1_IRQHandler
                0x00000000080015c8                Default_Handler
                0x00000000080015c8                EXTI15_10_IRQHandler
                0x00000000080015c8                TIM7_IRQHandler
                0x00000000080015c8                TIM5_IRQHandler
                0x00000000080015c8                EXTI9_5_IRQHandler
                0x00000000080015c8                SPI2_IRQHandler
                0x00000000080015c8                USB_LP_CAN_RX0_IRQHandler
                0x00000000080015c8                MemManage_Handler
                0x00000000080015c8                SVC_Handler
                0x00000000080015c8                DMA1_Channel5_IRQHandler
                0x00000000080015c8                EXTI4_IRQHandler
                0x00000000080015c8                DMA1_Channel3_IRQHandler
                0x00000000080015c8                FSMC_IRQHandler
                0x00000000080015c8                TIM1_UP_IRQHandler
                0x00000000080015c8                WWDG_IRQHandler
                0x00000000080015c8                TIM2_IRQHandler
                0x00000000080015c8                TIM1_BRK_IRQHandler
                0x00000000080015c8                EXTI1_IRQHandler
                0x00000000080015c8                RTCAlarm_IRQHandler
                0x00000000080015c8                DMA2_Channel4_5_IRQHandler
                0x00000000080015c8                USART2_IRQHandler
                0x00000000080015c8                I2C2_ER_IRQHandler
                0x00000000080015c8                DMA1_Channel2_IRQHandler
                0x00000000080015c8                TIM8_BRK_IRQHandler
                0x00000000080015c8                FLASH_IRQHandler
                0x00000000080015c8                BusFault_Handler
                0x00000000080015c8                USART1_IRQHandler
                0x00000000080015c8                SPI3_IRQHandler
                0x00000000080015c8                I2C1_ER_IRQHandler
                0x00000000080015c8                DMA2_Channel3_IRQHandler
 *fill*         0x00000000080015ca        0x2 
 .text.__libc_init_array
                0x00000000080015cc       0x48 C:/ST/STM32CubeIDE_1.13.2/STM32CubeIDE/plugins/com.st.stm32cube.ide.mcu.externaltools.gnu-tools-for-stm32.11.3.rel1.win32_1.1.1.202309131626/tools/bin/../lib/gcc/arm-none-eabi/11.3.1/../../../../arm-none-eabi/lib/thumb/v7-m/nofp\libc_nano.a(libc_a-init.o)
                0x00000000080015cc                __libc_init_array
 *(.glue_7)
 .glue_7        0x0000000008001614        0x0 linker stubs
 *(.glue_7t)
 .glue_7t       0x0000000008001614        0x0 linker stubs
 *(.eh_frame)
 .eh_frame      0x0000000008001614        0x0 C:/ST/STM32CubeIDE_1.13.2/STM32CubeIDE/plugins/com.st.stm32cube.ide.mcu.externaltools.gnu-tools-for-stm32.11.3.rel1.win32_1.1.1.202309131626/tools/bin/../lib/gcc/arm-none-eabi/11.3.1/thumb/v7-m/nofp/crtbegin.o
 *(.init)
 .init          0x0000000008001614        0x4 C:/ST/STM32CubeIDE_1.13.2/STM32CubeIDE/plugins/com.st.stm32cube.ide.mcu.externaltools.gnu-tools-for-stm32.11.3.rel1.win32_1.1.1.202309131626/tools/bin/../lib/gcc/arm-none-eabi/11.3.1/thumb/v7-m/nofp/crti.o
                0x0000000008001614                _init
 .init          0x0000000008001618        0x8 C:/ST/STM32CubeIDE_1.13.2/STM32CubeIDE/plugins/com.st.stm32cube.ide.mcu.externaltools.gnu-tools-for-stm32.11.3.rel1.win32_1.1.1.202309131626/tools/bin/../lib/gcc/arm-none-eabi/11.3.1/thumb/v7-m/nofp/crtn.o
 *(.fini)
 .fini          0x0000000008001620        0x4 C:/ST/STM32CubeIDE_1.13.2/STM32CubeIDE/plugins/com.st.stm32cube.ide.mcu.externaltools.gnu-tools-for-stm32.11.3.rel1.win32_1.1.1.202309131626/tools/bin/../lib/gcc/arm-none-eabi/11.3.1/thumb/v7-m/nofp/crti.o
                0x0000000008001620                _fini
 .fini          0x0000000008001624        0x8 C:/ST/STM32CubeIDE_1.13.2/STM32CubeIDE/plugins/com.st.stm32cube.ide.mcu.externaltools.gnu-tools-for-stm32.11.3.rel1.win32_1.1.1.202309131626/tools/bin/../lib/gcc/arm-none-eabi/11.3.1/thumb/v7-m/nofp/crtn.o
                0x000000000800162c                . = ALIGN (0x4)
                0x000000000800162c                _etext = .

.vfp11_veneer   0x000000000800162c        0x0
 .vfp11_veneer  0x000000000800162c        0x0 linker stubs

.v4_bx          0x000000000800162c        0x0
 .v4_bx         0x000000000800162c        0x0 linker stubs

.iplt           0x000000000800162c        0x0
 .iplt          0x000000000800162c        0x0 C:/ST/STM32CubeIDE_1.13.2/STM32CubeIDE/plugins/com.st.stm32cube.ide.mcu.externaltools.gnu-tools-for-stm32.11.3.rel1.win32_1.1.1.202309131626/tools/bin/../lib/gcc/arm-none-eabi/11.3.1/thumb/v7-m/nofp/crtbegin.o

.rodata         0x000000000800162c      0xdfc
                0x000000000800162c                . = ALIGN (0x4)
 *(.rodata)
 .rodata        0x000000000800162c       0x9e ./Src/main.o
 *(.rodata*)
 *fill*         0x00000000080016ca        0x2 
 .rodata.Font11x18
                0x00000000080016cc      0xd5c ./Src/HAL/TFT/fonts.o
                0x0000000008002428                . = ALIGN (0x4)

.rel.dyn        0x0000000008002428        0x0
 .rel.iplt      0x0000000008002428        0x0 C:/ST/STM32CubeIDE_1.13.2/STM32CubeIDE/plugins/com.st.stm32cube.ide.mcu.externaltools.gnu-tools-for-stm32.11.3.rel1.win32_1.1.1.202309131626/tools/bin/../lib/gcc/arm-none-eabi/11.3.1/thumb/v7-m/nofp/crtbegin.o

.ARM.extab      0x0000000008002428        0x0
                0x0000000008002428                . = ALIGN (0x4)
 *(.ARM.extab* .gnu.linkonce.armextab.*)
                0x0000000008002428                . = ALIGN (0x4)

.ARM            0x0000000008002428        0x0
                0x0000000008002428                . = ALIGN (0x4)
                0x0000000008002428                __exidx_start = .
 *(.ARM.exidx*)
                0x0000000008002428                __exidx_end = .
                0x0000000008002428                . = ALIGN (0x4)

.preinit_array  0x0000000008002428        0x0
                0x0000000008002428                . = ALIGN (0x4)
                0x0000000008002428                PROVIDE (__preinit_array_start = .)
 *(.preinit_array*)
                0x0000000008002428                PROVIDE (__preinit_array_end = .)
                0x0000000008002428                . = ALIGN (0x4)

.init_array     0x0000000008002428        0x4
                0x0000000008002428                . = ALIGN (0x4)
                0x0000000008002428                PROVIDE (__init_array_start = .)
 *(SORT_BY_NAME(.init_array.*))
 *(.init_array*)
 .init_array    0x0000000008002428        0x4 C:/ST/STM32CubeIDE_1.13.2/STM32CubeIDE/plugins/com.st.stm32cube.ide.mcu.externaltools.gnu-tools-for-stm32.11.3.rel1.win32_1.1.1.202309131626/tools/bin/../lib/gcc/arm-none-eabi/11.3.1/thumb/v7-m/nofp/crtbegin.o
                0x000000000800242c                PROVIDE (__init_array_end = .)
                0x000000000800242c                . = ALIGN (0x4)

.fini_array     0x000000000800242c        0x4
                0x000000000800242c                . = ALIGN (0x4)
                [!provide]                        PROVIDE (__fini_array_start = .)
 *(SORT_BY_NAME(.fini_array.*))
 *(.fini_array*)
 .fini_array    0x000000000800242c        0x4 C:/ST/STM32CubeIDE_1.13.2/STM32CubeIDE/plugins/com.st.stm32cube.ide.mcu.externaltools.gnu-tools-for-stm32.11.3.rel1.win32_1.1.1.202309131626/tools/bin/../lib/gcc/arm-none-eabi/11.3.1/thumb/v7-m/nofp/crtbegin.o
                [!provide]                        PROVIDE (__fini_array_end = .)
                0x0000000008002430                . = ALIGN (0x4)
                0x0000000008002430                _sidata = LOADADDR (.data)

.data           0x0000000020000000       0x10 load address 0x0000000008002430
                0x0000000020000000                . = ALIGN (0x4)
                0x0000000020000000                _sdata = .
 *(.data)
 *(.data*)
 .data._width   0x0000000020000000        0x2 ./Src/HAL/TFT/TFT_program.o
                0x0000000020000000                _width
 .data._height  0x0000000020000002        0x2 ./Src/HAL/TFT/TFT_program.o
                0x0000000020000002                _height
 .data.Font_11x18
                0x0000000020000004        0x8 ./Src/HAL/TFT/fonts.o
                0x0000000020000004                Font_11x18
 .data.Address  0x000000002000000c        0x4 ./Src/MCAL/FPEC/Parse.o
                0x000000002000000c                Address
 *(.RamFunc)
 *(.RamFunc*)
                0x0000000020000010                . = ALIGN (0x4)
                0x0000000020000010                _edata = .

.igot.plt       0x0000000020000010        0x0 load address 0x0000000008002440
 .igot.plt      0x0000000020000010        0x0 C:/ST/STM32CubeIDE_1.13.2/STM32CubeIDE/plugins/com.st.stm32cube.ide.mcu.externaltools.gnu-tools-for-stm32.11.3.rel1.win32_1.1.1.202309131626/tools/bin/../lib/gcc/arm-none-eabi/11.3.1/thumb/v7-m/nofp/crtbegin.o
                0x0000000020000010                . = ALIGN (0x4)

.bss            0x0000000020000010      0x168 load address 0x0000000008002440
                0x0000000020000010                _sbss = .
                0x0000000020000010                __bss_start__ = _sbss
 *(.bss)
 .bss           0x0000000020000010       0x1c C:/ST/STM32CubeIDE_1.13.2/STM32CubeIDE/plugins/com.st.stm32cube.ide.mcu.externaltools.gnu-tools-for-stm32.11.3.rel1.win32_1.1.1.202309131626/tools/bin/../lib/gcc/arm-none-eabi/11.3.1/thumb/v7-m/nofp/crtbegin.o
 *(.bss*)
 .bss.rotation  0x000000002000002c        0x1 ./Src/HAL/TFT/TFT_program.o
                0x000000002000002c                rotation
 .bss._colstart
                0x000000002000002d        0x1 ./Src/HAL/TFT/TFT_program.o
                0x000000002000002d                _colstart
 .bss._rowstart
                0x000000002000002e        0x1 ./Src/HAL/TFT/TFT_program.o
                0x000000002000002e                _rowstart
 .bss._xstart   0x000000002000002f        0x1 ./Src/HAL/TFT/TFT_program.o
                0x000000002000002f                _xstart
 .bss._ystart   0x0000000020000030        0x1 ./Src/HAL/TFT/TFT_program.o
                0x0000000020000030                _ystart
 *fill*         0x0000000020000031        0x3 
 .bss.app_apdated
                0x0000000020000034        0x4 ./Src/MCAL/FPEC/FPEC_program.o
                0x0000000020000034                app_apdated
 .bss.Data      0x0000000020000038       0xc8 ./Src/MCAL/FPEC/Parse.o
                0x0000000020000038                Data
 .bss.remaining_sec
                0x0000000020000100        0x1 ./Src/MCAL/SYSTICK/STK_program.o
                0x0000000020000100                remaining_sec
 *fill*         0x0000000020000101        0x3 
 .bss.MSTK_CallBack
                0x0000000020000104        0x4 ./Src/MCAL/SYSTICK/STK_program.o
 .bss.MSTK_u8ModeOfInterval
                0x0000000020000108        0x1 ./Src/MCAL/SYSTICK/STK_program.o
 *fill*         0x0000000020000109        0x3 
 .bss.recieving_record
                0x000000002000010c       0x64 ./Src/main.o
                0x000000002000010c                recieving_record
 .bss.char_count
                0x0000000020000170        0x1 ./Src/main.o
                0x0000000020000170                char_count
 .bss.flash_pages_erased
                0x0000000020000171        0x1 ./Src/main.o
                0x0000000020000171                flash_pages_erased
 .bss.BL_wait_time_flag
                0x0000000020000172        0x1 ./Src/main.o
                0x0000000020000172                BL_wait_time_flag
 .bss.receve_state
                0x0000000020000173        0x1 ./Src/main.o
                0x0000000020000173                receve_state
 .bss.address_of_selective_app
                0x0000000020000174        0x4 ./Src/main.o
                0x0000000020000174                address_of_selective_app
 *(COMMON)
                0x0000000020000178                . = ALIGN (0x4)
                0x0000000020000178                _ebss = .
                0x0000000020000178                __bss_end__ = _ebss

._user_heap_stack
                0x0000000020000178      0x600 load address 0x0000000008002440
                0x0000000020000178                . = ALIGN (0x8)
                0x0000000020000178                PROVIDE (end = .)
                [!provide]                        PROVIDE (_end = .)
                0x0000000020000378                . = (. + _Min_Heap_Size)
 *fill*         0x0000000020000178      0x200 
                0x0000000020000778                . = (. + _Min_Stack_Size)
 *fill*         0x0000000020000378      0x400 
                0x0000000020000778                . = ALIGN (0x8)

/DISCARD/
 libc.a(*)
 libm.a(*)
 libgcc.a(*)

.ARM.attributes
                0x0000000000000000       0x29
 *(.ARM.attributes)
 .ARM.attributes
                0x0000000000000000       0x1d C:/ST/STM32CubeIDE_1.13.2/STM32CubeIDE/plugins/com.st.stm32cube.ide.mcu.externaltools.gnu-tools-for-stm32.11.3.rel1.win32_1.1.1.202309131626/tools/bin/../lib/gcc/arm-none-eabi/11.3.1/thumb/v7-m/nofp/crti.o
 .ARM.attributes
                0x000000000000001d       0x2d C:/ST/STM32CubeIDE_1.13.2/STM32CubeIDE/plugins/com.st.stm32cube.ide.mcu.externaltools.gnu-tools-for-stm32.11.3.rel1.win32_1.1.1.202309131626/tools/bin/../lib/gcc/arm-none-eabi/11.3.1/thumb/v7-m/nofp/crtbegin.o
 .ARM.attributes
                0x000000000000004a       0x2d ./Src/HAL/TFT/TFT_program.o
 .ARM.attributes
                0x0000000000000077       0x2d ./Src/HAL/TFT/fonts.o
 .ARM.attributes
                0x00000000000000a4       0x2d ./Src/MCAL/FPEC/FPEC_program.o
 .ARM.attributes
                0x00000000000000d1       0x2d ./Src/MCAL/FPEC/Parse.o
 .ARM.attributes
                0x00000000000000fe       0x2d ./Src/MCAL/GPIO/GPIO_program.o
 .ARM.attributes
                0x000000000000012b       0x2d ./Src/MCAL/RCC/RCC_program.o
 .ARM.attributes
                0x0000000000000158       0x2d ./Src/MCAL/SPI/SPI_program.o
 .ARM.attributes
                0x0000000000000185       0x2d ./Src/MCAL/SYSTICK/STK_program.o
 .ARM.attributes
                0x00000000000001b2       0x2d ./Src/MCAL/UART/USART_program.o
 .ARM.attributes
                0x00000000000001df       0x2d ./Src/main.o
 .ARM.attributes
                0x000000000000020c       0x21 ./Startup/startup_stm32f103c8tx.o
 .ARM.attributes
                0x000000000000022d       0x2d C:/ST/STM32CubeIDE_1.13.2/STM32CubeIDE/plugins/com.st.stm32cube.ide.mcu.externaltools.gnu-tools-for-stm32.11.3.rel1.win32_1.1.1.202309131626/tools/bin/../lib/gcc/arm-none-eabi/11.3.1/../../../../arm-none-eabi/lib/thumb/v7-m/nofp\libc_nano.a(libc_a-init.o)
 .ARM.attributes
                0x000000000000025a       0x1d C:/ST/STM32CubeIDE_1.13.2/STM32CubeIDE/plugins/com.st.stm32cube.ide.mcu.externaltools.gnu-tools-for-stm32.11.3.rel1.win32_1.1.1.202309131626/tools/bin/../lib/gcc/arm-none-eabi/11.3.1/thumb/v7-m/nofp/crtn.o
OUTPUT(Bootloader_apdater.elf elf32-littlearm)
LOAD linker stubs
LOAD C:/ST/STM32CubeIDE_1.13.2/STM32CubeIDE/plugins/com.st.stm32cube.ide.mcu.externaltools.gnu-tools-for-stm32.11.3.rel1.win32_1.1.1.202309131626/tools/bin/../lib/gcc/arm-none-eabi/11.3.1/../../../../arm-none-eabi/lib/thumb/v7-m/nofp\libc.a
LOAD C:/ST/STM32CubeIDE_1.13.2/STM32CubeIDE/plugins/com.st.stm32cube.ide.mcu.externaltools.gnu-tools-for-stm32.11.3.rel1.win32_1.1.1.202309131626/tools/bin/../lib/gcc/arm-none-eabi/11.3.1/../../../../arm-none-eabi/lib/thumb/v7-m/nofp\libm.a
LOAD C:/ST/STM32CubeIDE_1.13.2/STM32CubeIDE/plugins/com.st.stm32cube.ide.mcu.externaltools.gnu-tools-for-stm32.11.3.rel1.win32_1.1.1.202309131626/tools/bin/../lib/gcc/arm-none-eabi/11.3.1/thumb/v7-m/nofp\libgcc.a

.comment        0x0000000000000000       0x43
 .comment       0x0000000000000000       0x43 C:/ST/STM32CubeIDE_1.13.2/STM32CubeIDE/plugins/com.st.stm32cube.ide.mcu.externaltools.gnu-tools-for-stm32.11.3.rel1.win32_1.1.1.202309131626/tools/bin/../lib/gcc/arm-none-eabi/11.3.1/thumb/v7-m/nofp/crtbegin.o
                                         0x44 (size before relaxing)
 .comment       0x0000000000000043       0x44 ./Src/HAL/TFT/TFT_program.o
 .comment       0x0000000000000043       0x44 ./Src/HAL/TFT/fonts.o
 .comment       0x0000000000000043       0x44 ./Src/MCAL/FPEC/FPEC_program.o
 .comment       0x0000000000000043       0x44 ./Src/MCAL/FPEC/Parse.o
 .comment       0x0000000000000043       0x44 ./Src/MCAL/GPIO/GPIO_program.o
 .comment       0x0000000000000043       0x44 ./Src/MCAL/RCC/RCC_program.o
 .comment       0x0000000000000043       0x44 ./Src/MCAL/SPI/SPI_program.o
 .comment       0x0000000000000043       0x44 ./Src/MCAL/SYSTICK/STK_program.o
 .comment       0x0000000000000043       0x44 ./Src/MCAL/UART/USART_program.o
 .comment       0x0000000000000043       0x44 ./Src/main.o

.debug_info     0x0000000000000000     0x1819
 .debug_info    0x0000000000000000      0x849 ./Src/HAL/TFT/TFT_program.o
 .debug_info    0x0000000000000849      0x17d ./Src/HAL/TFT/fonts.o
 .debug_info    0x00000000000009c6      0x1f4 ./Src/MCAL/FPEC/FPEC_program.o
 .debug_info    0x0000000000000bba      0x1c1 ./Src/MCAL/FPEC/Parse.o
 .debug_info    0x0000000000000d7b      0x12c ./Src/MCAL/GPIO/GPIO_program.o
 .debug_info    0x0000000000000ea7       0xdc ./Src/MCAL/RCC/RCC_program.o
 .debug_info    0x0000000000000f83      0x16a ./Src/MCAL/SPI/SPI_program.o
 .debug_info    0x00000000000010ed      0x22b ./Src/MCAL/SYSTICK/STK_program.o
 .debug_info    0x0000000000001318      0x159 ./Src/MCAL/UART/USART_program.o
 .debug_info    0x0000000000001471      0x385 ./Src/main.o
 .debug_info    0x00000000000017f6       0x23 ./Startup/startup_stm32f103c8tx.o

.debug_abbrev   0x0000000000000000      0xb08
 .debug_abbrev  0x0000000000000000      0x216 ./Src/HAL/TFT/TFT_program.o
 .debug_abbrev  0x0000000000000216       0xc4 ./Src/HAL/TFT/fonts.o
 .debug_abbrev  0x00000000000002da      0x127 ./Src/MCAL/FPEC/FPEC_program.o
 .debug_abbrev  0x0000000000000401       0xee ./Src/MCAL/FPEC/Parse.o
 .debug_abbrev  0x00000000000004ef       0xa6 ./Src/MCAL/GPIO/GPIO_program.o
 .debug_abbrev  0x0000000000000595       0x7a ./Src/MCAL/RCC/RCC_program.o
 .debug_abbrev  0x000000000000060f      0x106 ./Src/MCAL/SPI/SPI_program.o
 .debug_abbrev  0x0000000000000715      0x145 ./Src/MCAL/SYSTICK/STK_program.o
 .debug_abbrev  0x000000000000085a      0x12b ./Src/MCAL/UART/USART_program.o
 .debug_abbrev  0x0000000000000985      0x171 ./Src/main.o
 .debug_abbrev  0x0000000000000af6       0x12 ./Startup/startup_stm32f103c8tx.o

.debug_aranges  0x0000000000000000      0x288
 .debug_aranges
                0x0000000000000000       0xa0 ./Src/HAL/TFT/TFT_program.o
 .debug_aranges
                0x00000000000000a0       0x18 ./Src/HAL/TFT/fonts.o
 .debug_aranges
                0x00000000000000b8       0x30 ./Src/MCAL/FPEC/FPEC_program.o
 .debug_aranges
                0x00000000000000e8       0x30 ./Src/MCAL/FPEC/Parse.o
 .debug_aranges
                0x0000000000000118       0x30 ./Src/MCAL/GPIO/GPIO_program.o
 .debug_aranges
                0x0000000000000148       0x30 ./Src/MCAL/RCC/RCC_program.o
 .debug_aranges
                0x0000000000000178       0x28 ./Src/MCAL/SPI/SPI_program.o
 .debug_aranges
                0x00000000000001a0       0x60 ./Src/MCAL/SYSTICK/STK_program.o
 .debug_aranges
                0x0000000000000200       0x30 ./Src/MCAL/UART/USART_program.o
 .debug_aranges
                0x0000000000000230       0x30 ./Src/main.o
 .debug_aranges
                0x0000000000000260       0x28 ./Startup/startup_stm32f103c8tx.o

.debug_rnglists
                0x0000000000000000      0x1b7
 .debug_rnglists
                0x0000000000000000       0x7c ./Src/HAL/TFT/TFT_program.o
 .debug_rnglists
                0x000000000000007c       0x22 ./Src/MCAL/FPEC/FPEC_program.o
 .debug_rnglists
                0x000000000000009e       0x20 ./Src/MCAL/FPEC/Parse.o
 .debug_rnglists
                0x00000000000000be       0x21 ./Src/MCAL/GPIO/GPIO_program.o
 .debug_rnglists
                0x00000000000000df       0x21 ./Src/MCAL/RCC/RCC_program.o
 .debug_rnglists
                0x0000000000000100       0x19 ./Src/MCAL/SPI/SPI_program.o
 .debug_rnglists
                0x0000000000000119       0x45 ./Src/MCAL/SYSTICK/STK_program.o
 .debug_rnglists
                0x000000000000015e       0x1f ./Src/MCAL/UART/USART_program.o
 .debug_rnglists
                0x000000000000017d       0x21 ./Src/main.o
 .debug_rnglists
                0x000000000000019e       0x19 ./Startup/startup_stm32f103c8tx.o

.debug_macro    0x0000000000000000     0x1648
 .debug_macro   0x0000000000000000       0xc3 ./Src/HAL/TFT/TFT_program.o
 .debug_macro   0x00000000000000c3      0xaa2 ./Src/HAL/TFT/TFT_program.o
 .debug_macro   0x0000000000000b65       0x22 ./Src/HAL/TFT/TFT_program.o
 .debug_macro   0x0000000000000b87       0xee ./Src/HAL/TFT/TFT_program.o
 .debug_macro   0x0000000000000c75       0x22 ./Src/HAL/TFT/TFT_program.o
 .debug_macro   0x0000000000000c97       0x8e ./Src/HAL/TFT/TFT_program.o
 .debug_macro   0x0000000000000d25       0x51 ./Src/HAL/TFT/TFT_program.o
 .debug_macro   0x0000000000000d76      0x103 ./Src/HAL/TFT/TFT_program.o
 .debug_macro   0x0000000000000e79       0x6a ./Src/HAL/TFT/TFT_program.o
 .debug_macro   0x0000000000000ee3      0x1df ./Src/HAL/TFT/TFT_program.o
 .debug_macro   0x00000000000010c2       0x76 ./Src/HAL/TFT/TFT_program.o
 .debug_macro   0x0000000000001138       0x16 ./Src/HAL/TFT/TFT_program.o
 .debug_macro   0x000000000000114e       0x77 ./Src/HAL/TFT/fonts.o
 .debug_macro   0x00000000000011c5       0x41 ./Src/MCAL/FPEC/FPEC_program.o
 .debug_macro   0x0000000000001206       0x16 ./Src/MCAL/FPEC/FPEC_program.o
 .debug_macro   0x000000000000121c       0x2e ./Src/MCAL/FPEC/Parse.o
 .debug_macro   0x000000000000124a       0x40 ./Src/MCAL/GPIO/GPIO_program.o
 .debug_macro   0x000000000000128a       0x9a ./Src/MCAL/GPIO/GPIO_program.o
 .debug_macro   0x0000000000001324       0x3f ./Src/MCAL/RCC/RCC_program.o
 .debug_macro   0x0000000000001363       0x1c ./Src/MCAL/RCC/RCC_program.o
 .debug_macro   0x000000000000137f       0x70 ./Src/MCAL/RCC/RCC_program.o
 .debug_macro   0x00000000000013ef       0x10 ./Src/MCAL/RCC/RCC_program.o
 .debug_macro   0x00000000000013ff       0x49 ./Src/MCAL/SPI/SPI_program.o
 .debug_macro   0x0000000000001448       0x10 ./Src/MCAL/SPI/SPI_program.o
 .debug_macro   0x0000000000001458       0x10 ./Src/MCAL/SPI/SPI_program.o
 .debug_macro   0x0000000000001468       0x40 ./Src/MCAL/SYSTICK/STK_program.o
 .debug_macro   0x00000000000014a8       0x28 ./Src/MCAL/SYSTICK/STK_program.o
 .debug_macro   0x00000000000014d0       0x10 ./Src/MCAL/SYSTICK/STK_program.o
 .debug_macro   0x00000000000014e0       0x40 ./Src/MCAL/UART/USART_program.o
 .debug_macro   0x0000000000001520       0x3a ./Src/MCAL/UART/USART_program.o
 .debug_macro   0x000000000000155a       0x10 ./Src/MCAL/UART/USART_program.o
 .debug_macro   0x000000000000156a       0xde ./Src/main.o

.debug_line     0x0000000000000000     0x24b0
 .debug_line    0x0000000000000000      0x9ce ./Src/HAL/TFT/TFT_program.o
 .debug_line    0x00000000000009ce      0x48b ./Src/HAL/TFT/fonts.o
 .debug_line    0x0000000000000e59      0x26e ./Src/MCAL/FPEC/FPEC_program.o
 .debug_line    0x00000000000010c7      0x24b ./Src/MCAL/FPEC/Parse.o
 .debug_line    0x0000000000001312      0x2a9 ./Src/MCAL/GPIO/GPIO_program.o
 .debug_line    0x00000000000015bb      0x195 ./Src/MCAL/RCC/RCC_program.o
 .debug_line    0x0000000000001750      0x188 ./Src/MCAL/SPI/SPI_program.o
 .debug_line    0x00000000000018d8      0x2e4 ./Src/MCAL/SYSTICK/STK_program.o
 .debug_line    0x0000000000001bbc      0x1a0 ./Src/MCAL/UART/USART_program.o
 .debug_line    0x0000000000001d5c      0x6d9 ./Src/main.o
 .debug_line    0x0000000000002435       0x7b ./Startup/startup_stm32f103c8tx.o

.debug_str      0x0000000000000000     0x521a
 .debug_str     0x0000000000000000     0x42a4 ./Src/HAL/TFT/TFT_program.o
                                       0x4417 (size before relaxing)
 .debug_str     0x00000000000042a4       0x54 ./Src/HAL/TFT/fonts.o
                                       0x3d34 (size before relaxing)
 .debug_str     0x00000000000042f8      0x153 ./Src/MCAL/FPEC/FPEC_program.o
                                       0x2ff1 (size before relaxing)
 .debug_str     0x000000000000444b       0xaa ./Src/MCAL/FPEC/Parse.o
                                       0x2f83 (size before relaxing)
 .debug_str     0x00000000000044f5      0x4df ./Src/MCAL/GPIO/GPIO_program.o
                                       0x360f (size before relaxing)
 .debug_str     0x00000000000049d4      0x27b ./Src/MCAL/RCC/RCC_program.o
                                       0x310f (size before relaxing)
 .debug_str     0x0000000000004c4f       0xdc ./Src/MCAL/SPI/SPI_program.o
                                       0x3241 (size before relaxing)
 .debug_str     0x0000000000004d2b      0x213 ./Src/MCAL/SYSTICK/STK_program.o
                                       0x30cd (size before relaxing)
 .debug_str     0x0000000000004f3e      0x19f ./Src/MCAL/UART/USART_program.o
                                       0x3040 (size before relaxing)
 .debug_str     0x00000000000050dd      0x10e ./Src/main.o
                                       0x457b (size before relaxing)
 .debug_str     0x00000000000051eb       0x2f ./Startup/startup_stm32f103c8tx.o
                                         0x91 (size before relaxing)

.debug_frame    0x0000000000000000      0x788
 .debug_frame   0x0000000000000000      0x298 ./Src/HAL/TFT/TFT_program.o
 .debug_frame   0x0000000000000298       0x84 ./Src/MCAL/FPEC/FPEC_program.o
 .debug_frame   0x000000000000031c       0x80 ./Src/MCAL/FPEC/Parse.o
 .debug_frame   0x000000000000039c       0x88 ./Src/MCAL/GPIO/GPIO_program.o
 .debug_frame   0x0000000000000424       0x80 ./Src/MCAL/RCC/RCC_program.o
 .debug_frame   0x00000000000004a4       0x54 ./Src/MCAL/SPI/SPI_program.o
 .debug_frame   0x00000000000004f8      0x164 ./Src/MCAL/SYSTICK/STK_program.o
 .debug_frame   0x000000000000065c       0x80 ./Src/MCAL/UART/USART_program.o
 .debug_frame   0x00000000000006dc       0x80 ./Src/main.o
 .debug_frame   0x000000000000075c       0x2c C:/ST/STM32CubeIDE_1.13.2/STM32CubeIDE/plugins/com.st.stm32cube.ide.mcu.externaltools.gnu-tools-for-stm32.11.3.rel1.win32_1.1.1.202309131626/tools/bin/../lib/gcc/arm-none-eabi/11.3.1/../../../../arm-none-eabi/lib/thumb/v7-m/nofp\libc_nano.a(libc_a-init.o)

.debug_line_str
                0x0000000000000000       0x85
 .debug_line_str
                0x0000000000000000       0x85 ./Startup/startup_stm32f103c8tx.o
                                         0x9d (size before relaxing)
