../Src/HAL/TFT/TFT_program.c:28:6:HTFT_voidInitialize	8	static
../Src/HAL/TFT/TFT_program.c:57:6:HTFT_voidDisplayImage	24	static
../Src/HAL/TFT/TFT_program.c:93:6:HTFT_voidFillColor	24	static
../Src/HAL/TFT/TFT_program.c:127:6:HTFT_voidDrawRect	32	static
../Src/HAL/TFT/TFT_program.c:162:6:voidWriteCommand	24	static
../Src/HAL/TFT/TFT_program.c:174:6:voidWriteData	24	static
../Src/HAL/TFT/TFT_program.c:184:6:ST7735_Reset	8	static
../Src/HAL/TFT/TFT_program.c:192:6:ST7735_SetAddressWindow	24	static
../Src/HAL/TFT/TFT_program.c:211:6:ST7735_WriteChar	48	static
../Src/HAL/TFT/TFT_program.c:238:6:ST7735_WriteString	32	static
../Src/HAL/TFT/TFT_program.c:261:6:drawPixel	24	static
../Src/HAL/TFT/TFT_program.c:272:6:writePixel	16	static
../Src/HAL/TFT/TFT_program.c:277:6:writeLine	48	static
../Src/HAL/TFT/TFT_program.c:317:7:drawFastVLine	32	static
../Src/HAL/TFT/TFT_program.c:321:7:drawFastHLine	32	static
../Src/HAL/TFT/TFT_program.c:325:6:drawRect	24	static
../Src/HAL/TFT/TFT_program.c:333:6:ST7735_SetRotation	24	static
