Archive member included to satisfy reference by file (symbol)

C:/ST/STM32CubeIDE_1.13.2/STM32CubeIDE/plugins/com.st.stm32cube.ide.mcu.externaltools.gnu-tools-for-stm32.11.3.rel1.win32_1.1.1.202309131626/tools/bin/../lib/gcc/arm-none-eabi/11.3.1/../../../../arm-none-eabi/lib/thumb/v7-m/nofp\libc_nano.a(libc_a-exit.o)
                              C:/ST/STM32CubeIDE_1.13.2/STM32CubeIDE/plugins/com.st.stm32cube.ide.mcu.externaltools.gnu-tools-for-stm32.11.3.rel1.win32_1.1.1.202309131626/tools/bin/../lib/gcc/arm-none-eabi/11.3.1/../../../../arm-none-eabi/lib/thumb/v7-m/nofp/crt0.o (exit)
C:/ST/STM32CubeIDE_1.13.2/STM32CubeIDE/plugins/com.st.stm32cube.ide.mcu.externaltools.gnu-tools-for-stm32.11.3.rel1.win32_1.1.1.202309131626/tools/bin/../lib/gcc/arm-none-eabi/11.3.1/../../../../arm-none-eabi/lib/thumb/v7-m/nofp\libc_nano.a(libc_a-findfp.o)
                              C:/ST/STM32CubeIDE_1.13.2/STM32CubeIDE/plugins/com.st.stm32cube.ide.mcu.externaltools.gnu-tools-for-stm32.11.3.rel1.win32_1.1.1.202309131626/tools/bin/../lib/gcc/arm-none-eabi/11.3.1/../../../../arm-none-eabi/lib/thumb/v7-m/nofp\libc_nano.a(libc_a-exit.o) (__stdio_exit_handler)
C:/ST/STM32CubeIDE_1.13.2/STM32CubeIDE/plugins/com.st.stm32cube.ide.mcu.externaltools.gnu-tools-for-stm32.11.3.rel1.win32_1.1.1.202309131626/tools/bin/../lib/gcc/arm-none-eabi/11.3.1/../../../../arm-none-eabi/lib/thumb/v7-m/nofp\libc_nano.a(libc_a-fwalk.o)
                              C:/ST/STM32CubeIDE_1.13.2/STM32CubeIDE/plugins/com.st.stm32cube.ide.mcu.externaltools.gnu-tools-for-stm32.11.3.rel1.win32_1.1.1.202309131626/tools/bin/../lib/gcc/arm-none-eabi/11.3.1/../../../../arm-none-eabi/lib/thumb/v7-m/nofp\libc_nano.a(libc_a-findfp.o) (_fwalk_sglue)
C:/ST/STM32CubeIDE_1.13.2/STM32CubeIDE/plugins/com.st.stm32cube.ide.mcu.externaltools.gnu-tools-for-stm32.11.3.rel1.win32_1.1.1.202309131626/tools/bin/../lib/gcc/arm-none-eabi/11.3.1/../../../../arm-none-eabi/lib/thumb/v7-m/nofp\libc_nano.a(libc_a-stdio.o)
                              C:/ST/STM32CubeIDE_1.13.2/STM32CubeIDE/plugins/com.st.stm32cube.ide.mcu.externaltools.gnu-tools-for-stm32.11.3.rel1.win32_1.1.1.202309131626/tools/bin/../lib/gcc/arm-none-eabi/11.3.1/../../../../arm-none-eabi/lib/thumb/v7-m/nofp\libc_nano.a(libc_a-findfp.o) (__sread)
C:/ST/STM32CubeIDE_1.13.2/STM32CubeIDE/plugins/com.st.stm32cube.ide.mcu.externaltools.gnu-tools-for-stm32.11.3.rel1.win32_1.1.1.202309131626/tools/bin/../lib/gcc/arm-none-eabi/11.3.1/../../../../arm-none-eabi/lib/thumb/v7-m/nofp\libc_nano.a(libc_a-memset.o)
                              C:/ST/STM32CubeIDE_1.13.2/STM32CubeIDE/plugins/com.st.stm32cube.ide.mcu.externaltools.gnu-tools-for-stm32.11.3.rel1.win32_1.1.1.202309131626/tools/bin/../lib/gcc/arm-none-eabi/11.3.1/../../../../arm-none-eabi/lib/thumb/v7-m/nofp/crt0.o (memset)
C:/ST/STM32CubeIDE_1.13.2/STM32CubeIDE/plugins/com.st.stm32cube.ide.mcu.externaltools.gnu-tools-for-stm32.11.3.rel1.win32_1.1.1.202309131626/tools/bin/../lib/gcc/arm-none-eabi/11.3.1/../../../../arm-none-eabi/lib/thumb/v7-m/nofp\libc_nano.a(libc_a-closer.o)
                              C:/ST/STM32CubeIDE_1.13.2/STM32CubeIDE/plugins/com.st.stm32cube.ide.mcu.externaltools.gnu-tools-for-stm32.11.3.rel1.win32_1.1.1.202309131626/tools/bin/../lib/gcc/arm-none-eabi/11.3.1/../../../../arm-none-eabi/lib/thumb/v7-m/nofp\libc_nano.a(libc_a-stdio.o) (_close_r)
C:/ST/STM32CubeIDE_1.13.2/STM32CubeIDE/plugins/com.st.stm32cube.ide.mcu.externaltools.gnu-tools-for-stm32.11.3.rel1.win32_1.1.1.202309131626/tools/bin/../lib/gcc/arm-none-eabi/11.3.1/../../../../arm-none-eabi/lib/thumb/v7-m/nofp\libc_nano.a(libc_a-reent.o)
                              C:/ST/STM32CubeIDE_1.13.2/STM32CubeIDE/plugins/com.st.stm32cube.ide.mcu.externaltools.gnu-tools-for-stm32.11.3.rel1.win32_1.1.1.202309131626/tools/bin/../lib/gcc/arm-none-eabi/11.3.1/../../../../arm-none-eabi/lib/thumb/v7-m/nofp\libc_nano.a(libc_a-closer.o) (errno)
C:/ST/STM32CubeIDE_1.13.2/STM32CubeIDE/plugins/com.st.stm32cube.ide.mcu.externaltools.gnu-tools-for-stm32.11.3.rel1.win32_1.1.1.202309131626/tools/bin/../lib/gcc/arm-none-eabi/11.3.1/../../../../arm-none-eabi/lib/thumb/v7-m/nofp\libc_nano.a(libc_a-impure.o)
                              C:/ST/STM32CubeIDE_1.13.2/STM32CubeIDE/plugins/com.st.stm32cube.ide.mcu.externaltools.gnu-tools-for-stm32.11.3.rel1.win32_1.1.1.202309131626/tools/bin/../lib/gcc/arm-none-eabi/11.3.1/../../../../arm-none-eabi/lib/thumb/v7-m/nofp\libc_nano.a(libc_a-reent.o) (_impure_ptr)
C:/ST/STM32CubeIDE_1.13.2/STM32CubeIDE/plugins/com.st.stm32cube.ide.mcu.externaltools.gnu-tools-for-stm32.11.3.rel1.win32_1.1.1.202309131626/tools/bin/../lib/gcc/arm-none-eabi/11.3.1/../../../../arm-none-eabi/lib/thumb/v7-m/nofp\libc_nano.a(libc_a-lseekr.o)
[...]
Memory Configuration

Name             Origin             Length             Attributes
RAM              0x0000000020000000 0x0000000000005000 xrw
FLASH            0x0000000008003c00 0x0000000000005000 xr
*default*        0x0000000000000000 0xffffffffffffffff

Linker script and memory map

LOAD C:/ST/STM32CubeIDE_1.13.2/STM32CubeIDE/plugins/com.st.stm32cube.ide.mcu.externaltools.gnu-tools-for-stm32.11.3.rel1.win32_1.1.1.202309131626/tools/bin/../lib/gcc/arm-none-eabi/11.3.1/thumb/v7-m/nofp/crti.o
LOAD C:/ST/STM32CubeIDE_1.13.2/STM32CubeIDE/plugins/com.st.stm32cube.ide.mcu.externaltools.gnu-tools-for-stm32.11.3.rel1.win32_1.1.1.202309131626/tools/bin/../lib/gcc/arm-none-eabi/11.3.1/thumb/v7-m/nofp/crtbegin.o
LOAD C:/ST/STM32CubeIDE_1.13.2/STM32CubeIDE/plugins/com.st.stm32cube.ide.mcu.externaltools.gnu-tools-for-stm32.11.3.rel1.win32_1.1.1.202309131626/tools/bin/../lib/gcc/arm-none-eabi/11.3.1/../../../../arm-none-eabi/lib/thumb/v7-m/nofp/crt0.o
LOAD ./Src/HAL/TFT/TFT_program.o
LOAD ./Src/HAL/TFT/fonts.o
LOAD ./Src/MCAL/GPIO/GPIO_program.o
LOAD ./Src/MCAL/RCC/RCC_program.o
LOAD ./Src/MCAL/SPI/SPI_program.o
LOAD ./Src/MCAL/SYSTICK/STK_program.o
LOAD ./Src/main.o
LOAD ./Startup/startup_stm32f103c8tx.o
START GROUP
LOAD C:/ST/STM32CubeIDE_1.13.2/STM32CubeIDE/plugins/com.st.stm32cube.ide.mcu.externaltools.gnu-tools-for-stm32.11.3.rel1.win32_1.1.1.202309131626/tools/bin/../lib/gcc/arm-none-eabi/11.3.1/../../../../arm-none-eabi/lib/thumb/v7-m/nofp\libc_nano.a
LOAD C:/ST/STM32CubeIDE_1.13.2/STM32CubeIDE/plugins/com.st.stm32cube.ide.mcu.externaltools.gnu-tools-for-stm32.11.3.rel1.win32_1.1.1.202309131626/tools/bin/../lib/gcc/arm-none-eabi/11.3.1/../../../../arm-none-eabi/lib/thumb/v7-m/nofp\libm.a
END GROUP
START GROUP
LOAD C:/ST/STM32CubeIDE_1.13.2/STM32CubeIDE/plugins/com.st.stm32cube.ide.mcu.externaltools.gnu-tools-for-stm32.11.3.rel1.win32_1.1.1.202309131626/tools/bin/../lib/gcc/arm-none-eabi/11.3.1/thumb/v7-m/nofp\libgcc.a
LOAD C:/ST/STM32CubeIDE_1.13.2/STM32CubeIDE/plugins/com.st.stm32cube.ide.mcu.externaltools.gnu-tools-for-stm32.11.3.rel1.win32_1.1.1.202309131626/tools/bin/../lib/gcc/arm-none-eabi/11.3.1/../../../../arm-none-eabi/lib/thumb/v7-m/nofp\libc_nano.a
END GROUP
START GROUP
LOAD C:/ST/STM32CubeIDE_1.13.2/STM32CubeIDE/plugins/com.st.stm32cube.ide.mcu.externaltools.gnu-tools-for-stm32.11.3.rel1.win32_1.1.1.202309131626/tools/bin/../lib/gcc/arm-none-eabi/11.3.1/thumb/v7-m/nofp\libgcc.a
LOAD C:/ST/STM32CubeIDE_1.13.2/STM32CubeIDE/plugins/com.st.stm32cube.ide.mcu.externaltools.gnu-tools-for-stm32.11.3.rel1.win32_1.1.1.202309131626/tools/bin/../lib/gcc/arm-none-eabi/11.3.1/../../../../arm-none-eabi/lib/thumb/v7-m/nofp\libc_nano.a
LOAD C:/ST/STM32CubeIDE_1.13.2/STM32CubeIDE/plugins/com.st.stm32cube.ide.mcu.externaltools.gnu-tools-for-stm32.11.3.rel1.win32_1.1.1.202309131626/tools/bin/../lib/gcc/arm-none-eabi/11.3.1/../../../../arm-none-eabi/lib/thumb/v7-m/nofp\libnosys.a
END GROUP
START GROUP
LOAD C:/ST/STM32CubeIDE_1.13.2/STM32CubeIDE/plugins/com.st.stm32cube.ide.mcu.externaltools.gnu-tools-for-stm32.11.3.rel1.win32_1.1.1.202309131626/tools/bin/../lib/gcc/arm-none-eabi/11.3.1/thumb/v7-m/nofp\libgcc.a
LOAD C:/ST/STM32CubeIDE_1.13.2/STM32CubeIDE/plugins/com.st.stm32cube.ide.mcu.externaltools.gnu-tools-for-stm32.11.3.rel1.win32_1.1.1.202309131626/tools/bin/../lib/gcc/arm-none-eabi/11.3.1/../../../../arm-none-eabi/lib/thumb/v7-m/nofp\libc_nano.a
LOAD C:/ST/STM32CubeIDE_1.13.2/STM32CubeIDE/plugins/com.st.stm32cube.ide.mcu.externaltools.gnu-tools-for-stm32.11.3.rel1.win32_1.1.1.202309131626/tools/bin/../lib/gcc/arm-none-eabi/11.3.1/../../../../arm-none-eabi/lib/thumb/v7-m/nofp\libnosys.a
END GROUP
LOAD C:/ST/STM32CubeIDE_1.13.2/STM32CubeIDE/plugins/com.st.stm32cube.ide.mcu.externaltools.gnu-tools-for-stm32.11.3.rel1.win32_1.1.1.202309131626/tools/bin/../lib/gcc/arm-none-eabi/11.3.1/thumb/v7-m/nofp/crtend.o
LOAD C:/ST/STM32CubeIDE_1.13.2/STM32CubeIDE/plugins/com.st.stm32cube.ide.mcu.externaltools.gnu-tools-for-stm32.11.3.rel1.win32_1.1.1.202309131626/tools/bin/../lib/gcc/arm-none-eabi/11.3.1/thumb/v7-m/nofp/crtn.o
                0x0000000020005000                _estack = (ORIGIN (RAM) + LENGTH (RAM))
                0x0000000000000200                _Min_Heap_Size = 0x200
                0x0000000000000400                _Min_Stack_Size = 0x400

.isr_vector     0x0000000008003c00      0x130
                0x0000000008003c00                . = ALIGN (0x4)
 *(.isr_vector)
 .isr_vector    0x0000000008003c00      0x130 ./Startup/startup_stm32f103c8tx.o
                0x0000000008003c00                g_pfnVectors
                0x0000000008003d30                . = ALIGN (0x4)

.text           0x0000000008003d30      0xc58
                0x0000000008003d30                . = ALIGN (0x4)
 *(.text)
 .text          0x0000000008003d30       0x40 C:/ST/STM32CubeIDE_1.13.2/STM32CubeIDE/plugins/com.st.stm32cube.ide.mcu.externaltools.gnu-tools-for-stm32.11.3.rel1.win32_1.1.1.202309131626/tools/bin/../lib/gcc/arm-none-eabi/11.3.1/thumb/v7-m/nofp/crtbegin.o
 *(.text*)
 .text.HTFT_voidInitialize
                0x0000000008003d70       0x80 ./Src/HAL/TFT/TFT_program.o
                0x0000000008003d70                HTFT_voidInitialize
 .text.HTFT_voidFillColor
                0x0000000008003df0       0x86 ./Src/HAL/TFT/TFT_program.o
                0x0000000008003df0                HTFT_voidFillColor
 .text.voidWriteCommand
                0x0000000008003e76       0x2a ./Src/HAL/TFT/TFT_program.o
                0x0000000008003e76                voidWriteCommand
 .text.voidWriteData
                0x0000000008003ea0       0x2a ./Src/HAL/TFT/TFT_program.o
                0x0000000008003ea0                voidWriteData
 .text.ST7735_SetAddressWindow
                0x0000000008003eca       0x70 ./Src/HAL/TFT/TFT_program.o
                0x0000000008003eca                ST7735_SetAddressWindow
 .text.ST7735_WriteChar
                0x0000000008003f3a      0x11a ./Src/HAL/TFT/TFT_program.o
                0x0000000008003f3a                ST7735_WriteChar
 .text.ST7735_WriteString
                0x0000000008004054       0x9c ./Src/HAL/TFT/TFT_program.o
                0x0000000008004054                ST7735_WriteString
 .text.ST7735_SetRotation
                0x00000000080040f0       0xf4 ./Src/HAL/TFT/TFT_program.o
                0x00000000080040f0                ST7735_SetRotation
 .text.MGPIO_voidSetPinDirection
                0x00000000080041e4      0x1ac ./Src/MCAL/GPIO/GPIO_program.o
                0x00000000080041e4                MGPIO_voidSetPinDirection
 .text.MGPIO_voidSetPinValue
                0x0000000008004390       0xf4 ./Src/MCAL/GPIO/GPIO_program.o
                0x0000000008004390                MGPIO_voidSetPinValue
 .text.MGPIO_u8GetPinValue
                0x0000000008004484       0x7c ./Src/MCAL/GPIO/GPIO_program.o
                0x0000000008004484                MGPIO_u8GetPinValue
 .text.RCC_voidInitSysClock
                0x0000000008004500       0x20 ./Src/MCAL/RCC/RCC_program.o
                0x0000000008004500                RCC_voidInitSysClock
 .text.RCC_voidEnableClock
                0x0000000008004520       0x84 ./Src/MCAL/RCC/RCC_program.o
                0x0000000008004520                RCC_voidEnableClock
 .text.MSPI1_voidInit
                0x00000000080045a4       0x18 ./Src/MCAL/SPI/SPI_program.o
                0x00000000080045a4                MSPI1_voidInit
 .text.MSPI1_voidSendReceiveSynch
                0x00000000080045bc       0x4c ./Src/MCAL/SPI/SPI_program.o
                0x00000000080045bc                MSPI1_voidSendReceiveSynch
 .text.MSTK_voidInit
                0x0000000008004608       0x18 ./Src/MCAL/SYSTICK/STK_program.o
                0x0000000008004608                MSTK_voidInit
 .text.MSTK_voidSetBusyWait
                0x0000000008004620       0x50 ./Src/MCAL/SYSTICK/STK_program.o
                0x0000000008004620                MSTK_voidSetBusyWait
 .text.SysTick_Handler
                0x0000000008004670       0xe0 ./Src/MCAL/SYSTICK/STK_program.o
                0x0000000008004670                SysTick_Handler
 .text.main     0x0000000008004750      0x184 ./Src/main.o
                0x0000000008004750                main
 .text.Reset_Handler
                0x00000000080048d4       0x50 ./Startup/startup_stm32f103c8tx.o
                0x00000000080048d4                Reset_Handler
 .text.Default_Handler
                0x0000000008004924        0x2 ./Startup/startup_stm32f103c8tx.o
                0x0000000008004924                EXTI2_IRQHandler
                0x0000000008004924                TIM8_TRG_COM_IRQHandler
                0x0000000008004924                TIM8_CC_IRQHandler
                0x0000000008004924                DebugMon_Handler
                0x0000000008004924                TIM1_CC_IRQHandler
                0x0000000008004924                HardFault_Handler
                0x0000000008004924                TIM6_IRQHandler
                0x0000000008004924                PVD_IRQHandler
                0x0000000008004924                SDIO_IRQHandler
                0x0000000008004924                PendSV_Handler
                0x0000000008004924                NMI_Handler
                0x0000000008004924                EXTI3_IRQHandler
                0x0000000008004924                USB_HP_CAN_TX_IRQHandler
                0x0000000008004924                EXTI0_IRQHandler
                0x0000000008004924                I2C2_EV_IRQHandler
                0x0000000008004924                UsageFault_Handler
                0x0000000008004924                ADC1_2_IRQHandler
                0x0000000008004924                SPI1_IRQHandler
                0x0000000008004924                CAN_SCE_IRQHandler
                0x0000000008004924                TAMPER_IRQHandler
                0x0000000008004924                TIM8_UP_IRQHandler
                0x0000000008004924                DMA2_Channel2_IRQHandler
                0x0000000008004924                DMA1_Channel4_IRQHandler
                0x0000000008004924                USART3_IRQHandler
                0x0000000008004924                RTC_IRQHandler
                0x0000000008004924                DMA1_Channel7_IRQHandler
                0x0000000008004924                UART5_IRQHandler
                0x0000000008004924                ADC3_IRQHandler
                0x0000000008004924                TIM4_IRQHandler
                0x0000000008004924                CAN_RX1_IRQHandler
                0x0000000008004924                DMA2_Channel1_IRQHandler
                0x0000000008004924                I2C1_EV_IRQHandler
                0x0000000008004924                DMA1_Channel6_IRQHandler
                0x0000000008004924                UART4_IRQHandler
                0x0000000008004924                TIM3_IRQHandler
                0x0000000008004924                RCC_IRQHandler
                0x0000000008004924                TIM1_TRG_COM_IRQHandler
                0x0000000008004924                DMA1_Channel1_IRQHandler
                0x0000000008004924                Default_Handler
                0x0000000008004924                EXTI15_10_IRQHandler
                0x0000000008004924                TIM7_IRQHandler
                0x0000000008004924                TIM5_IRQHandler
                0x0000000008004924                EXTI9_5_IRQHandler
                0x0000000008004924                SPI2_IRQHandler
                0x0000000008004924                USB_LP_CAN_RX0_IRQHandler
                0x0000000008004924                MemManage_Handler
                0x0000000008004924                SVC_Handler
                0x0000000008004924                DMA1_Channel5_IRQHandler
                0x0000000008004924                EXTI4_IRQHandler
                0x0000000008004924                DMA1_Channel3_IRQHandler
                0x0000000008004924                FSMC_IRQHandler
                0x0000000008004924                TIM1_UP_IRQHandler
                0x0000000008004924                WWDG_IRQHandler
                0x0000000008004924                TIM2_IRQHandler
                0x0000000008004924                TIM1_BRK_IRQHandler
                0x0000000008004924                EXTI1_IRQHandler
                0x0000000008004924                RTCAlarm_IRQHandler
                0x0000000008004924                DMA2_Channel4_5_IRQHandler
                0x0000000008004924                USART2_IRQHandler
                0x0000000008004924                I2C2_ER_IRQHandler
                0x0000000008004924                DMA1_Channel2_IRQHandler
                0x0000000008004924                TIM8_BRK_IRQHandler
                0x0000000008004924                FLASH_IRQHandler
                0x0000000008004924                BusFault_Handler
                0x0000000008004924                USART1_IRQHandler
                0x0000000008004924                SPI3_IRQHandler
                0x0000000008004924                I2C1_ER_IRQHandler
                0x0000000008004924                DMA2_Channel3_IRQHandler
 *fill*         0x0000000008004926        0x2 
 .text.__libc_init_array
                0x0000000008004928       0x48 C:/ST/STM32CubeIDE_1.13.2/STM32CubeIDE/plugins/com.st.stm32cube.ide.mcu.externaltools.gnu-tools-for-stm32.11.3.rel1.win32_1.1.1.202309131626/tools/bin/../lib/gcc/arm-none-eabi/11.3.1/../../../../arm-none-eabi/lib/thumb/v7-m/nofp\libc_nano.a(libc_a-init.o)
                0x0000000008004928                __libc_init_array
 *(.glue_7)
 .glue_7        0x0000000008004970        0x0 linker stubs
 *(.glue_7t)
 .glue_7t       0x0000000008004970        0x0 linker stubs
 *(.eh_frame)
 .eh_frame      0x0000000008004970        0x0 C:/ST/STM32CubeIDE_1.13.2/STM32CubeIDE/plugins/com.st.stm32cube.ide.mcu.externaltools.gnu-tools-for-stm32.11.3.rel1.win32_1.1.1.202309131626/tools/bin/../lib/gcc/arm-none-eabi/11.3.1/thumb/v7-m/nofp/crtbegin.o
 *(.init)
 .init          0x0000000008004970        0x4 C:/ST/STM32CubeIDE_1.13.2/STM32CubeIDE/plugins/com.st.stm32cube.ide.mcu.externaltools.gnu-tools-for-stm32.11.3.rel1.win32_1.1.1.202309131626/tools/bin/../lib/gcc/arm-none-eabi/11.3.1/thumb/v7-m/nofp/crti.o
                0x0000000008004970                _init
 .init          0x0000000008004974        0x8 C:/ST/STM32CubeIDE_1.13.2/STM32CubeIDE/plugins/com.st.stm32cube.ide.mcu.externaltools.gnu-tools-for-stm32.11.3.rel1.win32_1.1.1.202309131626/tools/bin/../lib/gcc/arm-none-eabi/11.3.1/thumb/v7-m/nofp/crtn.o
 *(.fini)
 .fini          0x000000000800497c        0x4 C:/ST/STM32CubeIDE_1.13.2/STM32CubeIDE/plugins/com.st.stm32cube.ide.mcu.externaltools.gnu-tools-for-stm32.11.3.rel1.win32_1.1.1.202309131626/tools/bin/../lib/gcc/arm-none-eabi/11.3.1/thumb/v7-m/nofp/crti.o
                0x000000000800497c                _fini
 .fini          0x0000000008004980        0x8 C:/ST/STM32CubeIDE_1.13.2/STM32CubeIDE/plugins/com.st.stm32cube.ide.mcu.externaltools.gnu-tools-for-stm32.11.3.rel1.win32_1.1.1.202309131626/tools/bin/../lib/gcc/arm-none-eabi/11.3.1/thumb/v7-m/nofp/crtn.o
                0x0000000008004988                . = ALIGN (0x4)
                0x0000000008004988                _etext = .

.vfp11_veneer   0x0000000008004988        0x0
 .vfp11_veneer  0x0000000008004988        0x0 linker stubs

.v4_bx          0x0000000008004988        0x0
 .v4_bx         0x0000000008004988        0x0 linker stubs

.iplt           0x0000000008004988        0x0
 .iplt          0x0000000008004988        0x0 C:/ST/STM32CubeIDE_1.13.2/STM32CubeIDE/plugins/com.st.stm32cube.ide.mcu.externaltools.gnu-tools-for-stm32.11.3.rel1.win32_1.1.1.202309131626/tools/bin/../lib/gcc/arm-none-eabi/11.3.1/thumb/v7-m/nofp/crtbegin.o

.rodata         0x0000000008004988      0xd78
                0x0000000008004988                . = ALIGN (0x4)
 *(.rodata)
 .rodata        0x0000000008004988       0x1a ./Src/main.o
 *(.rodata*)
 *fill*         0x00000000080049a2        0x2 
 .rodata.Font11x18
                0x00000000080049a4      0xd5c ./Src/HAL/TFT/fonts.o
                0x0000000008005700                . = ALIGN (0x4)

.rel.dyn        0x0000000008005700        0x0
 .rel.iplt      0x0000000008005700        0x0 C:/ST/STM32CubeIDE_1.13.2/STM32CubeIDE/plugins/com.st.stm32cube.ide.mcu.externaltools.gnu-tools-for-stm32.11.3.rel1.win32_1.1.1.202309131626/tools/bin/../lib/gcc/arm-none-eabi/11.3.1/thumb/v7-m/nofp/crtbegin.o

.ARM.extab      0x0000000008005700        0x0
                0x0000000008005700                . = ALIGN (0x4)
 *(.ARM.extab* .gnu.linkonce.armextab.*)
                0x0000000008005700                . = ALIGN (0x4)

.ARM            0x0000000008005700        0x0
                0x0000000008005700                . = ALIGN (0x4)
                0x0000000008005700                __exidx_start = .
 *(.ARM.exidx*)
                0x0000000008005700                __exidx_end = .
                0x0000000008005700                . = ALIGN (0x4)

.preinit_array  0x0000000008005700        0x0
                0x0000000008005700                . = ALIGN (0x4)
                0x0000000008005700                PROVIDE (__preinit_array_start = .)
 *(.preinit_array*)
                0x0000000008005700                PROVIDE (__preinit_array_end = .)
                0x0000000008005700                . = ALIGN (0x4)

.init_array     0x0000000008005700        0x4
                0x0000000008005700                . = ALIGN (0x4)
                0x0000000008005700                PROVIDE (__init_array_start = .)
 *(SORT_BY_NAME(.init_array.*))
 *(.init_array*)
 .init_array    0x0000000008005700        0x4 C:/ST/STM32CubeIDE_1.13.2/STM32CubeIDE/plugins/com.st.stm32cube.ide.mcu.externaltools.gnu-tools-for-stm32.11.3.rel1.win32_1.1.1.202309131626/tools/bin/../lib/gcc/arm-none-eabi/11.3.1/thumb/v7-m/nofp/crtbegin.o
                0x0000000008005704                PROVIDE (__init_array_end = .)
                0x0000000008005704                . = ALIGN (0x4)

.fini_array     0x0000000008005704        0x4
                0x0000000008005704                . = ALIGN (0x4)
                [!provide]                        PROVIDE (__fini_array_start = .)
 *(SORT_BY_NAME(.fini_array.*))
 *(.fini_array*)
 .fini_array    0x0000000008005704        0x4 C:/ST/STM32CubeIDE_1.13.2/STM32CubeIDE/plugins/com.st.stm32cube.ide.mcu.externaltools.gnu-tools-for-stm32.11.3.rel1.win32_1.1.1.202309131626/tools/bin/../lib/gcc/arm-none-eabi/11.3.1/thumb/v7-m/nofp/crtbegin.o
                [!provide]                        PROVIDE (__fini_array_end = .)
                0x0000000008005708                . = ALIGN (0x4)
                0x0000000008005708                _sidata = LOADADDR (.data)

.data           0x0000000020000000       0x10 load address 0x0000000008005708
                0x0000000020000000                . = ALIGN (0x4)
                0x0000000020000000                _sdata = .
 *(.data)
 *(.data*)
 .data._width   0x0000000020000000        0x2 ./Src/HAL/TFT/TFT_program.o
                0x0000000020000000                _width
 .data._height  0x0000000020000002        0x2 ./Src/HAL/TFT/TFT_program.o
                0x0000000020000002                _height
 .data.Font_11x18
                0x0000000020000004        0x8 ./Src/HAL/TFT/fonts.o
                0x0000000020000004                Font_11x18
 .data.RESET_switch_READ
                0x000000002000000c        0x1 ./Src/main.o
                0x000000002000000c                RESET_switch_READ
 *(.RamFunc)
 *(.RamFunc*)
                0x0000000020000010                . = ALIGN (0x4)
 *fill*         0x000000002000000d        0x3 
                0x0000000020000010                _edata = .

.igot.plt       0x0000000020000010        0x0 load address 0x0000000008005718
 .igot.plt      0x0000000020000010        0x0 C:/ST/STM32CubeIDE_1.13.2/STM32CubeIDE/plugins/com.st.stm32cube.ide.mcu.externaltools.gnu-tools-for-stm32.11.3.rel1.win32_1.1.1.202309131626/tools/bin/../lib/gcc/arm-none-eabi/11.3.1/thumb/v7-m/nofp/crtbegin.o
                0x0000000020000010                . = ALIGN (0x4)

.bss            0x0000000020000010       0x30 load address 0x0000000008005718
                0x0000000020000010                _sbss = .
                0x0000000020000010                __bss_start__ = _sbss
 *(.bss)
 .bss           0x0000000020000010       0x1c C:/ST/STM32CubeIDE_1.13.2/STM32CubeIDE/plugins/com.st.stm32cube.ide.mcu.externaltools.gnu-tools-for-stm32.11.3.rel1.win32_1.1.1.202309131626/tools/bin/../lib/gcc/arm-none-eabi/11.3.1/thumb/v7-m/nofp/crtbegin.o
 *(.bss*)
 .bss.rotation  0x000000002000002c        0x1 ./Src/HAL/TFT/TFT_program.o
                0x000000002000002c                rotation
 .bss._colstart
                0x000000002000002d        0x1 ./Src/HAL/TFT/TFT_program.o
                0x000000002000002d                _colstart
 .bss._rowstart
                0x000000002000002e        0x1 ./Src/HAL/TFT/TFT_program.o
                0x000000002000002e                _rowstart
 .bss._xstart   0x000000002000002f        0x1 ./Src/HAL/TFT/TFT_program.o
                0x000000002000002f                _xstart
 .bss._ystart   0x0000000020000030        0x1 ./Src/HAL/TFT/TFT_program.o
                0x0000000020000030                _ystart
 .bss.remaining_sec
                0x0000000020000031        0x1 ./Src/MCAL/SYSTICK/STK_program.o
                0x0000000020000031                remaining_sec
 *fill*         0x0000000020000032        0x2 
 .bss.MSTK_CallBack
                0x0000000020000034        0x4 ./Src/MCAL/SYSTICK/STK_program.o
 .bss.MSTK_u8ModeOfInterval
                0x0000000020000038        0x1 ./Src/MCAL/SYSTICK/STK_program.o
 *fill*         0x0000000020000039        0x3 
 .bss.address_of_selective_app
                0x000000002000003c        0x4 ./Src/main.o
                0x000000002000003c                address_of_selective_app
 *(COMMON)
                0x0000000020000040                . = ALIGN (0x4)
                0x0000000020000040                _ebss = .
                0x0000000020000040                __bss_end__ = _ebss

._user_heap_stack
                0x0000000020000040      0x600 load address 0x0000000008005718
                0x0000000020000040                . = ALIGN (0x8)
                0x0000000020000040                PROVIDE (end = .)
                [!provide]                        PROVIDE (_end = .)
                0x0000000020000240                . = (. + _Min_Heap_Size)
 *fill*         0x0000000020000040      0x200 
                0x0000000020000640                . = (. + _Min_Stack_Size)
 *fill*         0x0000000020000240      0x400 
                0x0000000020000640                . = ALIGN (0x8)

/DISCARD/
 libc.a(*)
 libm.a(*)
 libgcc.a(*)

.ARM.attributes
                0x0000000000000000       0x29
 *(.ARM.attributes)
 .ARM.attributes
                0x0000000000000000       0x1d C:/ST/STM32CubeIDE_1.13.2/STM32CubeIDE/plugins/com.st.stm32cube.ide.mcu.externaltools.gnu-tools-for-stm32.11.3.rel1.win32_1.1.1.202309131626/tools/bin/../lib/gcc/arm-none-eabi/11.3.1/thumb/v7-m/nofp/crti.o
 .ARM.attributes
                0x000000000000001d       0x2d C:/ST/STM32CubeIDE_1.13.2/STM32CubeIDE/plugins/com.st.stm32cube.ide.mcu.externaltools.gnu-tools-for-stm32.11.3.rel1.win32_1.1.1.202309131626/tools/bin/../lib/gcc/arm-none-eabi/11.3.1/thumb/v7-m/nofp/crtbegin.o
 .ARM.attributes
                0x000000000000004a       0x2d ./Src/HAL/TFT/TFT_program.o
 .ARM.attributes
                0x0000000000000077       0x2d ./Src/HAL/TFT/fonts.o
 .ARM.attributes
                0x00000000000000a4       0x2d ./Src/MCAL/GPIO/GPIO_program.o
 .ARM.attributes
                0x00000000000000d1       0x2d ./Src/MCAL/RCC/RCC_program.o
 .ARM.attributes
                0x00000000000000fe       0x2d ./Src/MCAL/SPI/SPI_program.o
 .ARM.attributes
                0x000000000000012b       0x2d ./Src/MCAL/SYSTICK/STK_program.o
 .ARM.attributes
                0x0000000000000158       0x2d ./Src/main.o
 .ARM.attributes
                0x0000000000000185       0x21 ./Startup/startup_stm32f103c8tx.o
 .ARM.attributes
                0x00000000000001a6       0x2d C:/ST/STM32CubeIDE_1.13.2/STM32CubeIDE/plugins/com.st.stm32cube.ide.mcu.externaltools.gnu-tools-for-stm32.11.3.rel1.win32_1.1.1.202309131626/tools/bin/../lib/gcc/arm-none-eabi/11.3.1/../../../../arm-none-eabi/lib/thumb/v7-m/nofp\libc_nano.a(libc_a-init.o)
 .ARM.attributes
                0x00000000000001d3       0x1d C:/ST/STM32CubeIDE_1.13.2/STM32CubeIDE/plugins/com.st.stm32cube.ide.mcu.externaltools.gnu-tools-for-stm32.11.3.rel1.win32_1.1.1.202309131626/tools/bin/../lib/gcc/arm-none-eabi/11.3.1/thumb/v7-m/nofp/crtn.o
OUTPUT(APP1_LED_TFT_RED.elf elf32-littlearm)
LOAD linker stubs
LOAD C:/ST/STM32CubeIDE_1.13.2/STM32CubeIDE/plugins/com.st.stm32cube.ide.mcu.externaltools.gnu-tools-for-stm32.11.3.rel1.win32_1.1.1.202309131626/tools/bin/../lib/gcc/arm-none-eabi/11.3.1/../../../../arm-none-eabi/lib/thumb/v7-m/nofp\libc.a
LOAD C:/ST/STM32CubeIDE_1.13.2/STM32CubeIDE/plugins/com.st.stm32cube.ide.mcu.externaltools.gnu-tools-for-stm32.11.3.rel1.win32_1.1.1.202309131626/tools/bin/../lib/gcc/arm-none-eabi/11.3.1/../../../../arm-none-eabi/lib/thumb/v7-m/nofp\libm.a
LOAD C:/ST/STM32CubeIDE_1.13.2/STM32CubeIDE/plugins/com.st.stm32cube.ide.mcu.externaltools.gnu-tools-for-stm32.11.3.rel1.win32_1.1.1.202309131626/tools/bin/../lib/gcc/arm-none-eabi/11.3.1/thumb/v7-m/nofp\libgcc.a

.comment        0x0000000000000000       0x43
 .comment       0x0000000000000000       0x43 C:/ST/STM32CubeIDE_1.13.2/STM32CubeIDE/plugins/com.st.stm32cube.ide.mcu.externaltools.gnu-tools-for-stm32.11.3.rel1.win32_1.1.1.202309131626/tools/bin/../lib/gcc/arm-none-eabi/11.3.1/thumb/v7-m/nofp/crtbegin.o
                                         0x44 (size before relaxing)
 .comment       0x0000000000000043       0x44 ./Src/HAL/TFT/TFT_program.o
 .comment       0x0000000000000043       0x44 ./Src/HAL/TFT/fonts.o
 .comment       0x0000000000000043       0x44 ./Src/MCAL/GPIO/GPIO_program.o
 .comment       0x0000000000000043       0x44 ./Src/MCAL/RCC/RCC_program.o
 .comment       0x0000000000000043       0x44 ./Src/MCAL/SPI/SPI_program.o
 .comment       0x0000000000000043       0x44 ./Src/MCAL/SYSTICK/STK_program.o
 .comment       0x0000000000000043       0x44 ./Src/main.o

.debug_info     0x0000000000000000     0x11a5
 .debug_info    0x0000000000000000      0x849 ./Src/HAL/TFT/TFT_program.o
 .debug_info    0x0000000000000849      0x17d ./Src/HAL/TFT/fonts.o
 .debug_info    0x00000000000009c6      0x12c ./Src/MCAL/GPIO/GPIO_program.o
 .debug_info    0x0000000000000af2       0xdc ./Src/MCAL/RCC/RCC_program.o
 .debug_info    0x0000000000000bce      0x16a ./Src/MCAL/SPI/SPI_program.o
 .debug_info    0x0000000000000d38      0x22b ./Src/MCAL/SYSTICK/STK_program.o
 .debug_info    0x0000000000000f63      0x21f ./Src/main.o
 .debug_info    0x0000000000001182       0x23 ./Startup/startup_stm32f103c8tx.o

.debug_abbrev   0x0000000000000000      0x76b
 .debug_abbrev  0x0000000000000000      0x216 ./Src/HAL/TFT/TFT_program.o
 .debug_abbrev  0x0000000000000216       0xc4 ./Src/HAL/TFT/fonts.o
 .debug_abbrev  0x00000000000002da       0xa6 ./Src/MCAL/GPIO/GPIO_program.o
 .debug_abbrev  0x0000000000000380       0x7a ./Src/MCAL/RCC/RCC_program.o
 .debug_abbrev  0x00000000000003fa      0x106 ./Src/MCAL/SPI/SPI_program.o
 .debug_abbrev  0x0000000000000500      0x145 ./Src/MCAL/SYSTICK/STK_program.o
 .debug_abbrev  0x0000000000000645      0x114 ./Src/main.o
 .debug_abbrev  0x0000000000000759       0x12 ./Startup/startup_stm32f103c8tx.o

.debug_aranges  0x0000000000000000      0x1e8
 .debug_aranges
                0x0000000000000000       0xa0 ./Src/HAL/TFT/TFT_program.o
 .debug_aranges
                0x00000000000000a0       0x18 ./Src/HAL/TFT/fonts.o
 .debug_aranges
                0x00000000000000b8       0x30 ./Src/MCAL/GPIO/GPIO_program.o
 .debug_aranges
                0x00000000000000e8       0x30 ./Src/MCAL/RCC/RCC_program.o
 .debug_aranges
                0x0000000000000118       0x28 ./Src/MCAL/SPI/SPI_program.o
 .debug_aranges
                0x0000000000000140       0x60 ./Src/MCAL/SYSTICK/STK_program.o
 .debug_aranges
                0x00000000000001a0       0x20 ./Src/main.o
 .debug_aranges
                0x00000000000001c0       0x28 ./Startup/startup_stm32f103c8tx.o

.debug_rnglists
                0x0000000000000000      0x149
 .debug_rnglists
                0x0000000000000000       0x7c ./Src/HAL/TFT/TFT_program.o
 .debug_rnglists
                0x000000000000007c       0x21 ./Src/MCAL/GPIO/GPIO_program.o
 .debug_rnglists
                0x000000000000009d       0x21 ./Src/MCAL/RCC/RCC_program.o
 .debug_rnglists
                0x00000000000000be       0x19 ./Src/MCAL/SPI/SPI_program.o
 .debug_rnglists
                0x00000000000000d7       0x45 ./Src/MCAL/SYSTICK/STK_program.o
 .debug_rnglists
                0x000000000000011c       0x14 ./Src/main.o
 .debug_rnglists
                0x0000000000000130       0x19 ./Startup/startup_stm32f103c8tx.o

.debug_macro    0x0000000000000000     0x157f
 .debug_macro   0x0000000000000000       0xc3 ./Src/HAL/TFT/TFT_program.o
 .debug_macro   0x00000000000000c3      0xaa2 ./Src/HAL/TFT/TFT_program.o
 .debug_macro   0x0000000000000b65       0x22 ./Src/HAL/TFT/TFT_program.o
 .debug_macro   0x0000000000000b87       0xee ./Src/HAL/TFT/TFT_program.o
 .debug_macro   0x0000000000000c75       0x22 ./Src/HAL/TFT/TFT_program.o
 .debug_macro   0x0000000000000c97       0x8e ./Src/HAL/TFT/TFT_program.o
 .debug_macro   0x0000000000000d25       0x51 ./Src/HAL/TFT/TFT_program.o
 .debug_macro   0x0000000000000d76      0x103 ./Src/HAL/TFT/TFT_program.o
 .debug_macro   0x0000000000000e79       0x6a ./Src/HAL/TFT/TFT_program.o
 .debug_macro   0x0000000000000ee3      0x1df ./Src/HAL/TFT/TFT_program.o
 .debug_macro   0x00000000000010c2       0x76 ./Src/HAL/TFT/TFT_program.o
 .debug_macro   0x0000000000001138       0x16 ./Src/HAL/TFT/TFT_program.o
 .debug_macro   0x000000000000114e       0x77 ./Src/HAL/TFT/fonts.o
 .debug_macro   0x00000000000011c5       0x40 ./Src/MCAL/GPIO/GPIO_program.o
 .debug_macro   0x0000000000001205       0x9a ./Src/MCAL/GPIO/GPIO_program.o
 .debug_macro   0x000000000000129f       0x3f ./Src/MCAL/RCC/RCC_program.o
 .debug_macro   0x00000000000012de       0x1c ./Src/MCAL/RCC/RCC_program.o
 .debug_macro   0x00000000000012fa       0x70 ./Src/MCAL/RCC/RCC_program.o
 .debug_macro   0x000000000000136a       0x10 ./Src/MCAL/RCC/RCC_program.o
 .debug_macro   0x000000000000137a       0x49 ./Src/MCAL/SPI/SPI_program.o
 .debug_macro   0x00000000000013c3       0x10 ./Src/MCAL/SPI/SPI_program.o
 .debug_macro   0x00000000000013d3       0x10 ./Src/MCAL/SPI/SPI_program.o
 .debug_macro   0x00000000000013e3       0x40 ./Src/MCAL/SYSTICK/STK_program.o
 .debug_macro   0x0000000000001423       0x28 ./Src/MCAL/SYSTICK/STK_program.o
 .debug_macro   0x000000000000144b       0x10 ./Src/MCAL/SYSTICK/STK_program.o
 .debug_macro   0x000000000000145b       0xea ./Src/main.o
 .debug_macro   0x0000000000001545       0x3a ./Src/main.o

.debug_line     0x0000000000000000     0x1e45
 .debug_line    0x0000000000000000      0x9ce ./Src/HAL/TFT/TFT_program.o
 .debug_line    0x00000000000009ce      0x48b ./Src/HAL/TFT/fonts.o
 .debug_line    0x0000000000000e59      0x2a9 ./Src/MCAL/GPIO/GPIO_program.o
 .debug_line    0x0000000000001102      0x195 ./Src/MCAL/RCC/RCC_program.o
 .debug_line    0x0000000000001297      0x188 ./Src/MCAL/SPI/SPI_program.o
 .debug_line    0x000000000000141f      0x2e4 ./Src/MCAL/SYSTICK/STK_program.o
 .debug_line    0x0000000000001703      0x6c7 ./Src/main.o
 .debug_line    0x0000000000001dca       0x7b ./Startup/startup_stm32f103c8tx.o

.debug_str      0x0000000000000000     0x4edf
 .debug_str     0x0000000000000000     0x4291 ./Src/HAL/TFT/TFT_program.o
                                       0x4404 (size before relaxing)
 .debug_str     0x0000000000004291       0x54 ./Src/HAL/TFT/fonts.o
                                       0x3d21 (size before relaxing)
 .debug_str     0x00000000000042e5      0x4df ./Src/MCAL/GPIO/GPIO_program.o
                                       0x35fc (size before relaxing)
 .debug_str     0x00000000000047c4      0x27b ./Src/MCAL/RCC/RCC_program.o
                                       0x30fc (size before relaxing)
 .debug_str     0x0000000000004a3f       0xdc ./Src/MCAL/SPI/SPI_program.o
                                       0x322e (size before relaxing)
 .debug_str     0x0000000000004b1b      0x213 ./Src/MCAL/SYSTICK/STK_program.o
                                       0x30ba (size before relaxing)
 .debug_str     0x0000000000004d2e      0x182 ./Src/main.o
                                       0x4432 (size before relaxing)
 .debug_str     0x0000000000004eb0       0x2f ./Startup/startup_stm32f103c8tx.o
                                         0x7e (size before relaxing)

.debug_frame    0x0000000000000000      0x5b8
 .debug_frame   0x0000000000000000      0x298 ./Src/HAL/TFT/TFT_program.o
 .debug_frame   0x0000000000000298       0x88 ./Src/MCAL/GPIO/GPIO_program.o
 .debug_frame   0x0000000000000320       0x80 ./Src/MCAL/RCC/RCC_program.o
 .debug_frame   0x00000000000003a0       0x54 ./Src/MCAL/SPI/SPI_program.o
 .debug_frame   0x00000000000003f4      0x164 ./Src/MCAL/SYSTICK/STK_program.o
 .debug_frame   0x0000000000000558       0x34 ./Src/main.o
 .debug_frame   0x000000000000058c       0x2c C:/ST/STM32CubeIDE_1.13.2/STM32CubeIDE/plugins/com.st.stm32cube.ide.mcu.externaltools.gnu-tools-for-stm32.11.3.rel1.win32_1.1.1.202309131626/tools/bin/../lib/gcc/arm-none-eabi/11.3.1/../../../../arm-none-eabi/lib/thumb/v7-m/nofp\libc_nano.a(libc_a-init.o)

.debug_line_str
                0x0000000000000000       0x72
 .debug_line_str
                0x0000000000000000       0x72 ./Startup/startup_stm32f103c8tx.o
                                         0x8a (size before relaxing)
